INFO    src/argparse.cpp:154 - Override configuration: system.model = 2
INFO    src/argparse.cpp:154 - Override configuration: system.ram_size = 128
INFO    src/argparse.cpp:154 - Override configuration: system.printer = 1
INFO    src/argparse.cpp:154 - Override configuration: system.limit_speed = 1
INFO    src/argparse.cpp:154 - Override configuration: video.scr_fps = 0
INFO    src/argparse.cpp:154 - Override configuration: sound.enabled = 1
INFO    src/argparse.cpp:154 - Override configuration: file.printer_file = /Users/fer/dev/banterhouse/artifacts/audio/midi-theme-events.cfpI2Y/result.dat
VERBOSE src/argparse.cpp:117 - Append to autocmd: run"LOADER"
Using configuration file: /Users/fer/dev/banterhouse/.tools/caprice32/cap32.cfg
VERBOSE src/cap32.cpp:1408 - Audio: device 0: System audio playback device
2026-08-30 13:45:25.929 cap32[45186:2632367] CRITICAL: You are using the SDL disk i/o audio driver!
2026-08-30 13:45:25.929 cap32[45186:2632367] CRITICAL:  Writing to file [/Users/fer/dev/banterhouse/artifacts/audio/midi-theme-events.cfpI2Y/audio.raw], format=S16LE channels=2 freq=44100.
VERBOSE src/cap32.cpp:1425 - Audio: Desired: Freq: 44100, Format: 32784, Channels: 2, Samples: 1024, Size: 1
VERBOSE src/cap32.cpp:1426 - Audio: Obtained: Freq: 44100, Format: 32784, Channels: 2, Samples: 1024, Size: 4096
VERBOSE src/cap32.cpp:1434 - Audio: Sound buffer ready
INFO    src/psg.cpp:731 - Timing: CPC.speed: 4 - freq: 44100
INFO    src/psg.cpp:732 - Timing: z80 cycles per sample: 90.7029 - LoopCountInit: 2.83447
No joystick found.
joysticks_init() failed. Joysticks won't work.
VERBOSE src/slotshandler.cpp:118 - Loading drive A disk file: /Users/fer/dev/banterhouse/banterhouse.dsk
VERBOSE src/slotshandler.cpp:1434 - Ignoring empty filename passed to file_load.
VERBOSE src/slotshandler.cpp:1434 - Ignoring empty filename passed to file_load.
VERBOSE src/slotshandler.cpp:1434 - Ignoring empty filename passed to file_load.
VERBOSE src/cap32.cpp:1745 - Timing: First frame at 1056 - next frame in 20 ( 20/(4/4) ) at 1076
VERBOSE src/cap32.cpp:2891 - Keyboard: pressed: M - keycode: SDLK_m (109) - scancode: SDL_SCANCODE_M (16) - CPC key: CPC_m - CPC scancode: 70
VERBOSE src/cap32.cpp:2891 - Keyboard: pressed: A - keycode: SDLK_a (97) - scancode: SDL_SCANCODE_A (4) - CPC key: CPC_a - CPC scancode: 133
VERBOSE src/cap32.cpp:2891 - Keyboard: pressed: N - keycode: SDLK_n (110) - scancode: SDL_SCANCODE_N (17) - CPC key: CPC_n - CPC scancode: 86
VERBOSE src/cap32.cpp:2891 - Keyboard: pressed: I - keycode: SDLK_i (105) - scancode: SDL_SCANCODE_I (12) - CPC key: CPC_i - CPC scancode: 67
VERBOSE src/cap32.cpp:2891 - Keyboard: pressed: A - keycode: SDLK_a (97) - scancode: SDL_SCANCODE_A (4) - CPC key: CPC_a - CPC scancode: 133
VERBOSE src/cap32.cpp:2891 - Keyboard: pressed: Space - keycode: SDLK_SPACE (32) - scancode: SDL_SCANCODE_SPACE (44) - CPC key: CPC_SPACE - CPC scancode: 87
VERBOSE src/cap32.cpp:2891 - Keyboard: pressed: R - keycode: SDLK_r (114) - scancode: SDL_SCANCODE_UNKNOWN (0) - CPC key: CPC_r - CPC scancode: 98
VERBOSE src/cap32.cpp:2891 - Keyboard: pressed: Left Command - keycode: SDLK_LGUI (1073742051) - scancode: SDL_SCANCODE_LGUI (227) - CPC key: UNKNOWN - CPC scancode: 255
VERBOSE src/cap32.cpp:2891 - Keyboard: pressed: U - keycode: SDLK_u (117) - scancode: SDL_SCANCODE_UNKNOWN (0) - CPC key: CPC_u - CPC scancode: 82
VERBOSE src/cap32.cpp:2891 - Keyboard: pressed: N - keycode: SDLK_n (110) - scancode: SDL_SCANCODE_UNKNOWN (0) - CPC key: CPC_n - CPC scancode: 86
VERBOSE src/cap32.cpp:2891 - Keyboard: pressed: ' - keycode: SDLK_QUOTE (39) - scancode: SDL_SCANCODE_UNKNOWN (0) - CPC key: CPC_DBLQUOTE - CPC scancode: 385
VERBOSE src/cap32.cpp:2891 - Keyboard: pressed: L - keycode: SDLK_l (108) - scancode: SDL_SCANCODE_UNKNOWN (0) - CPC key: CPC_L - CPC scancode: 324
VERBOSE src/cap32.cpp:2891 - Keyboard: pressed: O - keycode: SDLK_o (111) - scancode: SDL_SCANCODE_UNKNOWN (0) - CPC key: CPC_O - CPC scancode: 322
VERBOSE src/cap32.cpp:2891 - Keyboard: pressed: A - keycode: SDLK_a (97) - scancode: SDL_SCANCODE_UNKNOWN (0) - CPC key: CPC_A - CPC scancode: 389
VERBOSE src/cap32.cpp:2891 - Keyboard: pressed: D - keycode: SDLK_d (100) - scancode: SDL_SCANCODE_UNKNOWN (0) - CPC key: CPC_D - CPC scancode: 373
VERBOSE src/cap32.cpp:2891 - Keyboard: pressed: E - keycode: SDLK_e (101) - scancode: SDL_SCANCODE_UNKNOWN (0) - CPC key: CPC_E - CPC scancode: 370
VERBOSE src/cap32.cpp:2891 - Keyboard: pressed: R - keycode: SDLK_r (114) - scancode: SDL_SCANCODE_UNKNOWN (0) - CPC key: CPC_R - CPC scancode: 354
VERBOSE src/cap32.cpp:2891 - Keyboard: pressed: ' - keycode: SDLK_QUOTE (39) - scancode: SDL_SCANCODE_UNKNOWN (0) - CPC key: CPC_DBLQUOTE - CPC scancode: 385
VERBOSE src/cap32.cpp:2891 - Keyboard: pressed: Return - keycode: SDLK_RETURN (13) - scancode: SDL_SCANCODE_UNKNOWN (0) - CPC key: CPC_RETURN - CPC scancode: 34
