ASxxxx Linker V03.00 + NoICE + sdld,  page 1.
Hexadecimal  [32-Bits]

Area                                    Addr        Size        Decimal Bytes (Attributes)
--------------------------------        ----        ----        ------- ----- ------------
.  .ABS.                            00000000    00000000 =           0. bytes (ABS,CON)

      Value  Global                              Global Defined In Module
      -----  --------------------------------   ------------------------
     00000000  .__.ABS.                           cpct_strings
     00000000  l__CABS                         
     00000000  l__DABS                         
     00000000  l__GSFINAL                      
     00000000  l__GSINIT                       
     00000000  l__HOME                         
     00000000  l__INITIALIZED                  
     00000000  l__INITIALIZER                  
     00000000  s__CABS                         
     00000000  s__DABS                         
     000002C1  l__DATA                         
     00002A19  l__CODE                         
     00004000  s__CODE                         
     00006A19  s__DATA                         
     00006CDA  s__GSFINAL                      
     00006CDA  s__GSINIT                       
     00006CDA  s__HOME                         
     00006CDA  s__INITIALIZED                  
     00006CDA  s__INITIALIZER                  

ASxxxx Linker V03.00 + NoICE + sdld,  page 2.
Hexadecimal  [32-Bits]

Area                                    Addr        Size        Decimal Bytes (Attributes)
--------------------------------        ----        ----        ------- ----- ------------
_CODE                               00004000    00002A19 =       10777. bytes (REL,CON)

      Value  Global                              Global Defined In Module
      -----  --------------------------------   ------------------------
     00004000  _G_map                             scr01
     000041CC  _G_tileset_00                      tileset
     000041EC  _G_tileset_01                      tileset
     0000420C  _G_tileset_02                      tileset
     0000422C  _G_tileset_03                      tileset
     0000424C  _G_tileset_04                      tileset
     0000426C  _G_tileset_05                      tileset
     0000428C  _G_tileset_06                      tileset
     000042AC  _G_tileset_07                      tileset
     000042CC  _G_tileset_08                      tileset
     000042EC  _G_tileset_09                      tileset
     0000430C  _G_tileset_10                      tileset
     0000432C  _G_tileset_11                      tileset
     0000434C  _G_tileset_12                      tileset
     0000436C  _G_tileset_13                      tileset
     0000438C  _G_tileset_14                      tileset
     000043AC  _G_tileset_15                      tileset
     000043CC  _keyboard                          game
     0000448C  _AI                                game
     0000448D  _moveSprites                       game
     0000459B  _init_level                        game
     000045CF  _collisions                        game
     000045D0  _init_game                         game
     0000464F  _game                              game
     000046C6  _G_pitu                            graphics
     00004886  _G_pitu_rev                        graphics
     00004A46  _G_pitu_walk                       graphics
     00004C06  _G_pitu_walk_rev                   graphics
     00004DC6  _G_pitu_jump                       graphics
     00004F86  _G_pitu_jump_rev                   graphics
     00005146  _G_alberto                         graphics
     00005306  _G_alberto_rev                     graphics
     000054C6  _G_alberto_walk                    graphics
     00005686  _G_alberto_walk_rev                graphics
     00005846  _G_blast                           graphics
     000059EA  _G_beer                            graphics
     00005A42  _G_beer_rev                        graphics
     00005A9A  _G_logo                            graphics
     0000629A  _main                              main
     000062CE  _paleta                            main
     000062DE  _menu                              menu
     00006345  _renderSprites                     render
     000064CF  _deleteSprites                     render
     000065BC  _cpct_setPalette                   cpct_video
     000065D3  _cpct_isKeyPressed                 cpct_keyboard
     000065D3  cpct_isKeyPressed_asm              cpct_keyboard
     000065DF  _cpct_scanKeyboard_f               cpct_keyboard
     000065DF  cpct_scanKeyboard_f_asm            cpct_keyboard
     00006649  _cpct_setPALColour                 cpct_video
     00006655  _cpct_drawStringM0                 cpct_strings
ASxxxx Linker V03.00 + NoICE + sdld,  page 3.
Hexadecimal  [32-Bits]

Area                                    Addr        Size        Decimal Bytes (Attributes)
--------------------------------        ----        ----        ------- ----- ------------
_CODE                               00004000    00002A19 =       10777. bytes (REL,CON)

      Value  Global                              Global Defined In Module
      -----  --------------------------------   ------------------------
     0000668F  cpct_drawCharM0_inner_asm          cpct_strings
     000066EF  dc_2pxtableM0                      cpct_strings
     000066F3  _cpct_drawSprite                   cpct_sprites
     00006798  _cpct_etm_drawTilemap4x8_ag        cpct_easytilemaps
     000067A2  cpct_etm_dtm4x8_ag_c_widthHeight   cpct_easytilemaps
     000067B8  cpct_etm_dtm4x8_ag_c_tilesetPtr    cpct_easytilemaps
     00006823  cpct_etm_dtm4x8_ag_c_restoreI      cpct_easytilemaps
     00006829  cpct_etm_dtm4x8_ag_c_incrementHL   cpct_easytilemaps
     0000682E  cpct_etm_dtm4x8_ag_c_restoreWidt   cpct_easytilemaps
     00006831  cpct_etm_dtm4x8_ag_c_updateWidth   cpct_easytilemaps
     0000683D  _cpct_keyboardStatusBuffer         cpct_keyboard
     00006847  _cpct_setVideoMemoryPage           cpct_video
     00006847  cpct_setVideoMemoryPage_asm        cpct_video
     00006850  _cpct_drawSpriteMasked             cpct_sprites
     0000687F  _cpct_setStackLocation             cpct_memutils
     0000687F  cpct_setStackLocation_asm          cpct_memutils
     00006883  _cpct_isAnyKeyPressed_f            cpct_keyboard
     00006883  cpct_isAnyKeyPressed_f_asm         cpct_keyboard
     0000689E  _cpct_setVideoMode                 cpct_video
     000068AC  _cpct_waitVSYNC                    cpct_video
     000068AC  cpct_waitVSYNC_asm                 cpct_video
     000068B4  _cpct_px2byteM0                    cpct_sprites
     000068D0  _cpct_memcpy                       cpct_memutils
     000068D8  _cpct_memset                       cpct_memutils
     000068E6  _cpct_disableFirmware              cpct_firmware
     000068E6  _cpct_removeInterruptHandler       cpct_firmware
     000068E6  cpct_disableFirmware_asm           cpct_firmware
     000068E6  cpct_removeInterruptHandler_asm    cpct_firmware
     000068F6  _cpct_drawSolidBox                 cpct_sprites
     0000699D  _cpct_mode_rom_status              cpct_firmware
     0000699E  _cpct_setDrawCharM0                cpct_strings
     000069C3  _cpct_getScreenPtr                 cpct_video
     000069D9  _cpct_etm_setDrawTilemap4x8_ag     cpct_easytilemaps
     00006A09  dc_mode0_ct                        cpct_strings
ASxxxx Linker V03.00 + NoICE + sdld,  page 4.
Hexadecimal  [32-Bits]

Area                                    Addr        Size        Decimal Bytes (Attributes)
--------------------------------        ----        ----        ------- ----- ------------
_DATA                               00006A19    000002C1 =         705. bytes (REL,CON)

      Value  Global                              Global Defined In Module
      -----  --------------------------------   ------------------------
     00006A19  _sprites                           game
     00006B09  _anim_clock                        game
     00006B0A  _map                               game
     00006CD6  _mem_start                         main
     00006CD8  _mem_page                          main
     00006CD9  _swap_memvideo                     main
ASxxxx Linker V03.00 + NoICE + sdld,  page 5.

Files Linked                              [ module(s) ]

obj/scr01.rel                             [ scr01 ]
obj/tileset.rel                           [ tileset ]
obj/game.rel                              [ game ]
obj/graphics.rel                          [ graphics ]
obj/main.rel                              [ main ]
obj/menu.rel                              [ menu ]
obj/render.rel                            [ render ]


Libraries Linked                          [ object file ]

/home/fersanchez/cpctelera/cpctelera/cpctelera.lib
                                          [ cpct_setPalette_cbindings.rel ]
/home/fersanchez/cpctelera/cpctelera/cpctelera.lib
                                          [ cpct_isKeyPressed.rel ]
/home/fersanchez/cpctelera/cpctelera/cpctelera.lib
                                          [ cpct_scanKeyboard_f.rel ]
/home/fersanchez/cpctelera/cpctelera/cpctelera.lib
                                          [ cpct_setPALColour_cbindings.rel ]
/home/fersanchez/cpctelera/cpctelera/cpctelera.lib
                                          [ cpct_drawStringM0_cbindings.rel ]
/home/fersanchez/cpctelera/cpctelera/cpctelera.lib
                                          [ cpct_drawCharM0_inner.rel ]
/home/fersanchez/cpctelera/cpctelera/cpctelera.lib
                                          [ cpct_drawSprite_cbindings.rel ]
/home/fersanchez/cpctelera/cpctelera/cpctelera.lib
                                          [ cpct_etm_drawTilemap4x8_ag_cbind ]
/home/fersanchez/cpctelera/cpctelera/cpctelera.lib
                                          [ keyboard.rel ]
/home/fersanchez/cpctelera/cpctelera/cpctelera.lib
                                          [ cpct_setVideoMemoryPage.rel ]
/home/fersanchez/cpctelera/cpctelera/cpctelera.lib
                                          [ cpct_drawSpriteMasked_cbindings. ]
/home/fersanchez/cpctelera/cpctelera/cpctelera.lib
                                          [ cpct_setStackLocation.rel ]
/home/fersanchez/cpctelera/cpctelera/cpctelera.lib
                                          [ cpct_isAnyKeyPressed_f.rel ]
/home/fersanchez/cpctelera/cpctelera/cpctelera.lib
                                          [ cpct_setVideoMode_cbindings.rel ]
/home/fersanchez/cpctelera/cpctelera/cpctelera.lib
                                          [ cpct_waitVSYNC.rel ]
/home/fersanchez/cpctelera/cpctelera/cpctelera.lib
                                          [ cpct_px2byteM0_cbindings.rel ]
/home/fersanchez/cpctelera/cpctelera/cpctelera.lib
                                          [ cpct_memcpy_cbindings.rel ]
/home/fersanchez/cpctelera/cpctelera/cpctelera.lib
                                          [ cpct_memset_cbinding.rel ]
/home/fersanchez/cpctelera/cpctelera/cpctelera.lib
                                          [ cpct_removeInterruptHandler.rel ]
/home/fersanchez/cpctelera/cpctelera/cpctelera.lib
                                          [ cpct_drawSolidBox_cbindings.rel ]
/home/fersanchez/cpctelera/cpctelera/cpctelera.lib
                                          [ cpc_mode_rom_status.rel ]
/home/fersanchez/cpctelera/cpctelera/cpctelera.lib
                                          [ cpct_setDrawCharM0_cbindings.rel ]
/home/fersanchez/cpctelera/cpctelera/cpctelera.lib
                                          [ cpct_getScreenPtr_cbindings.rel ]
/home/fersanchez/cpctelera/cpctelera/cpctelera.lib
                                          [ cpct_etm_setDrawTilemap4x8_ag_cb ]
/home/fersanchez/cpctelera/cpctelera/cpctelera.lib
                                          [ cpct_dc_mode0_ct.rel ]

ASxxxx Linker V03.00 + NoICE + sdld,  page 6.

User Base Address Definitions

_CODE = 0x4000
_DATA = 0x0000

