                              1 ;--------------------------------------------------------
                              2 ; File Created by SDCC : free open source ANSI-C Compiler
                              3 ; Version 3.6.8 #9946 (Linux)
                              4 ;--------------------------------------------------------
                              5 	.module pitu
                              6 	.optsdcc -mz80
                              7 	
                              8 ;--------------------------------------------------------
                              9 ; Public variables in this module
                             10 ;--------------------------------------------------------
                             11 	.globl _g_pitu
                             12 	.globl _g_palette
                             13 ;--------------------------------------------------------
                             14 ; special function registers
                             15 ;--------------------------------------------------------
                             16 ;--------------------------------------------------------
                             17 ; ram data
                             18 ;--------------------------------------------------------
                             19 	.area _DATA
                             20 ;--------------------------------------------------------
                             21 ; ram data
                             22 ;--------------------------------------------------------
                             23 	.area _INITIALIZED
                             24 ;--------------------------------------------------------
                             25 ; absolute external ram data
                             26 ;--------------------------------------------------------
                             27 	.area _DABS (ABS)
                             28 ;--------------------------------------------------------
                             29 ; global & static initialisations
                             30 ;--------------------------------------------------------
                             31 	.area _HOME
                             32 	.area _GSINIT
                             33 	.area _GSFINAL
                             34 	.area _GSINIT
                             35 ;--------------------------------------------------------
                             36 ; Home
                             37 ;--------------------------------------------------------
                             38 	.area _HOME
                             39 	.area _HOME
                             40 ;--------------------------------------------------------
                             41 ; code
                             42 ;--------------------------------------------------------
                             43 	.area _CODE
                             44 	.area _CODE
   0000                      45 _g_palette:
   0000 54                   46 	.db #0x54	; 84	'T'
   0001 4B                   47 	.db #0x4b	; 75	'K'
   0002 55                   48 	.db #0x55	; 85	'U'
   0003 57                   49 	.db #0x57	; 87	'W'
   0004 5B                   50 	.db #0x5b	; 91
   0005 40                   51 	.db #0x40	; 64
   0006 52                   52 	.db #0x52	; 82	'R'
   0007 42                   53 	.db #0x42	; 66	'B'
   0008 5F                   54 	.db #0x5f	; 95
   0009 5C                   55 	.db #0x5c	; 92
   000A 45                   56 	.db #0x45	; 69	'E'
   000B 4F                   57 	.db #0x4f	; 79	'O'
   000C 4E                   58 	.db #0x4e	; 78	'N'
   000D 47                   59 	.db #0x47	; 71	'G'
   000E 56                   60 	.db #0x56	; 86	'V'
   000F 44                   61 	.db #0x44	; 68	'D'
   0010                      62 _g_pitu:
   0010 00                   63 	.db #0x00	; 0
   0011 00                   64 	.db #0x00	; 0
   0012 00                   65 	.db #0x00	; 0
   0013 00                   66 	.db #0x00	; 0
   0014 00                   67 	.db #0x00	; 0
   0015 00                   68 	.db #0x00	; 0
   0016 00                   69 	.db #0x00	; 0
   0017 00                   70 	.db #0x00	; 0
   0018 00                   71 	.db #0x00	; 0
   0019 00                   72 	.db #0x00	; 0
   001A 00                   73 	.db #0x00	; 0
   001B 00                   74 	.db #0x00	; 0
   001C 00                   75 	.db #0x00	; 0
   001D 00                   76 	.db #0x00	; 0
   001E 00                   77 	.db #0x00	; 0
   001F 00                   78 	.db #0x00	; 0
   0020 00                   79 	.db #0x00	; 0
   0021 00                   80 	.db #0x00	; 0
   0022 00                   81 	.db #0x00	; 0
   0023 00                   82 	.db #0x00	; 0
   0024 00                   83 	.db #0x00	; 0
   0025 00                   84 	.db #0x00	; 0
   0026 00                   85 	.db #0x00	; 0
   0027 00                   86 	.db #0x00	; 0
   0028 00                   87 	.db #0x00	; 0
   0029 00                   88 	.db #0x00	; 0
   002A 00                   89 	.db #0x00	; 0
   002B 00                   90 	.db #0x00	; 0
   002C 00                   91 	.db #0x00	; 0
   002D 00                   92 	.db #0x00	; 0
   002E 00                   93 	.db #0x00	; 0
   002F 00                   94 	.db #0x00	; 0
   0030 00                   95 	.db #0x00	; 0
   0031 00                   96 	.db #0x00	; 0
   0032 00                   97 	.db #0x00	; 0
   0033 00                   98 	.db #0x00	; 0
   0034 00                   99 	.db #0x00	; 0
   0035 00                  100 	.db #0x00	; 0
   0036 00                  101 	.db #0x00	; 0
   0037 00                  102 	.db #0x00	; 0
   0038 00                  103 	.db #0x00	; 0
   0039 00                  104 	.db #0x00	; 0
   003A 00                  105 	.db #0x00	; 0
   003B 00                  106 	.db #0x00	; 0
   003C 73                  107 	.db #0x73	; 115	's'
   003D A2                  108 	.db #0xa2	; 162
   003E 00                  109 	.db #0x00	; 0
   003F 00                  110 	.db #0x00	; 0
   0040 00                  111 	.db #0x00	; 0
   0041 00                  112 	.db #0x00	; 0
   0042 CC                  113 	.db #0xcc	; 204
   0043 11                  114 	.db #0x11	; 17
   0044 F3                  115 	.db #0xf3	; 243
   0045 F3                  116 	.db #0xf3	; 243
   0046 00                  117 	.db #0x00	; 0
   0047 00                  118 	.db #0x00	; 0
   0048 00                  119 	.db #0x00	; 0
   0049 00                  120 	.db #0x00	; 0
   004A 00                  121 	.db #0x00	; 0
   004B 11                  122 	.db #0x11	; 17
   004C 00                  123 	.db #0x00	; 0
   004D 51                  124 	.db #0x51	; 81	'Q'
   004E 00                  125 	.db #0x00	; 0
   004F 00                  126 	.db #0x00	; 0
   0050 00                  127 	.db #0x00	; 0
   0051 00                  128 	.db #0x00	; 0
   0052 00                  129 	.db #0x00	; 0
   0053 00                  130 	.db #0x00	; 0
   0054 51                  131 	.db #0x51	; 81	'Q'
   0055 82                  132 	.db #0x82	; 130
   0056 00                  133 	.db #0x00	; 0
   0057 00                  134 	.db #0x00	; 0
   0058 00                  135 	.db #0x00	; 0
   0059 00                  136 	.db #0x00	; 0
   005A B3                  137 	.db #0xb3	; 179
   005B F3                  138 	.db #0xf3	; 243
   005C 00                  139 	.db #0x00	; 0
   005D 51                  140 	.db #0x51	; 81	'Q'
   005E A2                  141 	.db #0xa2	; 162
   005F 00                  142 	.db #0x00	; 0
   0060 00                  143 	.db #0x00	; 0
   0061 00                  144 	.db #0x00	; 0
   0062 51                  145 	.db #0x51	; 81	'Q'
   0063 F3                  146 	.db #0xf3	; 243
   0064 E7                  147 	.db #0xe7	; 231
   0065 DB                  148 	.db #0xdb	; 219
   0066 82                  149 	.db #0x82	; 130
   0067 00                  150 	.db #0x00	; 0
   0068 00                  151 	.db #0x00	; 0
   0069 00                  152 	.db #0x00	; 0
   006A 00                  153 	.db #0x00	; 0
   006B F3                  154 	.db #0xf3	; 243
   006C F3                  155 	.db #0xf3	; 243
   006D 0F                  156 	.db #0x0f	; 15
   006E 00                  157 	.db #0x00	; 0
   006F 00                  158 	.db #0x00	; 0
   0070 00                  159 	.db #0x00	; 0
   0071 00                  160 	.db #0x00	; 0
   0072 00                  161 	.db #0x00	; 0
   0073 F3                  162 	.db #0xf3	; 243
   0074 F3                  163 	.db #0xf3	; 243
   0075 F3                  164 	.db #0xf3	; 243
   0076 00                  165 	.db #0x00	; 0
   0077 00                  166 	.db #0x00	; 0
   0078 00                  167 	.db #0x00	; 0
   0079 00                  168 	.db #0x00	; 0
   007A 00                  169 	.db #0x00	; 0
   007B B3                  170 	.db #0xb3	; 179
   007C 63                  171 	.db #0x63	; 99	'c'
   007D 00                  172 	.db #0x00	; 0
   007E 00                  173 	.db #0x00	; 0
   007F 00                  174 	.db #0x00	; 0
   0080 00                  175 	.db #0x00	; 0
   0081 00                  176 	.db #0x00	; 0
   0082 00                  177 	.db #0x00	; 0
   0083 51                  178 	.db #0x51	; 81	'Q'
   0084 E3                  179 	.db #0xe3	; 227
   0085 00                  180 	.db #0x00	; 0
   0086 00                  181 	.db #0x00	; 0
   0087 00                  182 	.db #0x00	; 0
   0088 00                  183 	.db #0x00	; 0
   0089 00                  184 	.db #0x00	; 0
   008A 90                  185 	.db #0x90	; 144
   008B F3                  186 	.db #0xf3	; 243
   008C F3                  187 	.db #0xf3	; 243
   008D 20                  188 	.db #0x20	; 32
   008E 00                  189 	.db #0x00	; 0
   008F 00                  190 	.db #0x00	; 0
   0090 00                  191 	.db #0x00	; 0
   0091 00                  192 	.db #0x00	; 0
   0092 30                  193 	.db #0x30	; 48	'0'
   0093 71                  194 	.db #0x71	; 113	'q'
   0094 F3                  195 	.db #0xf3	; 243
   0095 20                  196 	.db #0x20	; 32
   0096 00                  197 	.db #0x00	; 0
   0097 00                  198 	.db #0x00	; 0
   0098 00                  199 	.db #0x00	; 0
   0099 00                  200 	.db #0x00	; 0
   009A B3                  201 	.db #0xb3	; 179
   009B 30                  202 	.db #0x30	; 48	'0'
   009C 30                  203 	.db #0x30	; 48	'0'
   009D 20                  204 	.db #0x20	; 32
   009E 00                  205 	.db #0x00	; 0
   009F 00                  206 	.db #0x00	; 0
   00A0 00                  207 	.db #0x00	; 0
   00A1 00                  208 	.db #0x00	; 0
   00A2 B3                  209 	.db #0xb3	; 179
   00A3 30                  210 	.db #0x30	; 48	'0'
   00A4 34                  211 	.db #0x34	; 52	'4'
   00A5 30                  212 	.db #0x30	; 48	'0'
   00A6 00                  213 	.db #0x00	; 0
   00A7 00                  214 	.db #0x00	; 0
   00A8 00                  215 	.db #0x00	; 0
   00A9 00                  216 	.db #0x00	; 0
   00AA B3                  217 	.db #0xb3	; 179
   00AB 30                  218 	.db #0x30	; 48	'0'
   00AC 34                  219 	.db #0x34	; 52	'4'
   00AD 30                  220 	.db #0x30	; 48	'0'
   00AE 00                  221 	.db #0x00	; 0
   00AF 00                  222 	.db #0x00	; 0
   00B0 00                  223 	.db #0x00	; 0
   00B1 00                  224 	.db #0x00	; 0
   00B2 B3                  225 	.db #0xb3	; 179
   00B3 30                  226 	.db #0x30	; 48	'0'
   00B4 34                  227 	.db #0x34	; 52	'4'
   00B5 30                  228 	.db #0x30	; 48	'0'
   00B6 00                  229 	.db #0x00	; 0
   00B7 00                  230 	.db #0x00	; 0
   00B8 00                  231 	.db #0x00	; 0
   00B9 00                  232 	.db #0x00	; 0
   00BA B3                  233 	.db #0xb3	; 179
   00BB 34                  234 	.db #0x34	; 52	'4'
   00BC 3C                  235 	.db #0x3c	; 60
   00BD 28                  236 	.db #0x28	; 40
   00BE 00                  237 	.db #0x00	; 0
   00BF 00                  238 	.db #0x00	; 0
   00C0 00                  239 	.db #0x00	; 0
   00C1 00                  240 	.db #0x00	; 0
   00C2 B3                  241 	.db #0xb3	; 179
   00C3 30                  242 	.db #0x30	; 48	'0'
   00C4 30                  243 	.db #0x30	; 48	'0'
   00C5 22                  244 	.db #0x22	; 34
   00C6 00                  245 	.db #0x00	; 0
   00C7 00                  246 	.db #0x00	; 0
   00C8 00                  247 	.db #0x00	; 0
   00C9 51                  248 	.db #0x51	; 81	'Q'
   00CA B3                  249 	.db #0xb3	; 179
   00CB 30                  250 	.db #0x30	; 48	'0'
   00CC 30                  251 	.db #0x30	; 48	'0'
   00CD 22                  252 	.db #0x22	; 34
   00CE 00                  253 	.db #0x00	; 0
   00CF 00                  254 	.db #0x00	; 0
   00D0 00                  255 	.db #0x00	; 0
   00D1 F3                  256 	.db #0xf3	; 243
   00D2 72                  257 	.db #0x72	; 114	'r'
   00D3 AA                  258 	.db #0xaa	; 170
   00D4 00                  259 	.db #0x00	; 0
   00D5 00                  260 	.db #0x00	; 0
   00D6 00                  261 	.db #0x00	; 0
   00D7 00                  262 	.db #0x00	; 0
   00D8 00                  263 	.db #0x00	; 0
   00D9 00                  264 	.db #0x00	; 0
   00DA 50                  265 	.db #0x50	; 80	'P'
   00DB AA                  266 	.db #0xaa	; 170
   00DC AA                  267 	.db #0xaa	; 170
   00DD 00                  268 	.db #0x00	; 0
   00DE 00                  269 	.db #0x00	; 0
   00DF 00                  270 	.db #0x00	; 0
   00E0 00                  271 	.db #0x00	; 0
   00E1 00                  272 	.db #0x00	; 0
   00E2 50                  273 	.db #0x50	; 80	'P'
   00E3 AA                  274 	.db #0xaa	; 170
   00E4 AA                  275 	.db #0xaa	; 170
   00E5 00                  276 	.db #0x00	; 0
   00E6 00                  277 	.db #0x00	; 0
   00E7 00                  278 	.db #0x00	; 0
   00E8 00                  279 	.db #0x00	; 0
   00E9 00                  280 	.db #0x00	; 0
   00EA 50                  281 	.db #0x50	; 80	'P'
   00EB AA                  282 	.db #0xaa	; 170
   00EC AA                  283 	.db #0xaa	; 170
   00ED 00                  284 	.db #0x00	; 0
   00EE 00                  285 	.db #0x00	; 0
   00EF 00                  286 	.db #0x00	; 0
   00F0 00                  287 	.db #0x00	; 0
   00F1 00                  288 	.db #0x00	; 0
   00F2 50                  289 	.db #0x50	; 80	'P'
   00F3 AA                  290 	.db #0xaa	; 170
   00F4 AA                  291 	.db #0xaa	; 170
   00F5 00                  292 	.db #0x00	; 0
   00F6 00                  293 	.db #0x00	; 0
   00F7 00                  294 	.db #0x00	; 0
   00F8 00                  295 	.db #0x00	; 0
   00F9 00                  296 	.db #0x00	; 0
   00FA 50                  297 	.db #0x50	; 80	'P'
   00FB AA                  298 	.db #0xaa	; 170
   00FC AA                  299 	.db #0xaa	; 170
   00FD 00                  300 	.db #0x00	; 0
   00FE 00                  301 	.db #0x00	; 0
   00FF 00                  302 	.db #0x00	; 0
   0100 00                  303 	.db #0x00	; 0
   0101 00                  304 	.db #0x00	; 0
   0102 40                  305 	.db #0x40	; 64
   0103 85                  306 	.db #0x85	; 133
   0104 85                  307 	.db #0x85	; 133
   0105 00                  308 	.db #0x00	; 0
   0106 00                  309 	.db #0x00	; 0
   0107 00                  310 	.db #0x00	; 0
   0108 00                  311 	.db #0x00	; 0
   0109 00                  312 	.db #0x00	; 0
   010A 00                  313 	.db #0x00	; 0
   010B 00                  314 	.db #0x00	; 0
   010C 00                  315 	.db #0x00	; 0
   010D 00                  316 	.db #0x00	; 0
   010E 00                  317 	.db #0x00	; 0
   010F 00                  318 	.db #0x00	; 0
                            319 	.area _INITIALIZER
                            320 	.area _CABS (ABS)
