                              1 ;--------------------------------------------------------
                              2 ; File Created by SDCC : free open source ANSI-C Compiler
                              3 ; Version 3.6.8 #9946 (Linux)
                              4 ;--------------------------------------------------------
                              5 	.module render
                              6 	.optsdcc -mz80
                              7 	
                              8 ;--------------------------------------------------------
                              9 ; Public variables in this module
                             10 ;--------------------------------------------------------
                             11 	.globl _deleteSprites
                             12 	.globl _renderSprites
                             13 	.globl _cpct_getScreenPtr
                             14 	.globl _cpct_drawSpriteMasked
                             15 	.globl _cpct_drawSolidBox
                             16 	.globl _cpct_px2byteM0
                             17 ;--------------------------------------------------------
                             18 ; special function registers
                             19 ;--------------------------------------------------------
                             20 ;--------------------------------------------------------
                             21 ; ram data
                             22 ;--------------------------------------------------------
                             23 	.area _DATA
                             24 ;--------------------------------------------------------
                             25 ; ram data
                             26 ;--------------------------------------------------------
                             27 	.area _INITIALIZED
                             28 ;--------------------------------------------------------
                             29 ; absolute external ram data
                             30 ;--------------------------------------------------------
                             31 	.area _DABS (ABS)
                             32 ;--------------------------------------------------------
                             33 ; global & static initialisations
                             34 ;--------------------------------------------------------
                             35 	.area _HOME
                             36 	.area _GSINIT
                             37 	.area _GSFINAL
                             38 	.area _GSINIT
                             39 ;--------------------------------------------------------
                             40 ; Home
                             41 ;--------------------------------------------------------
                             42 	.area _HOME
                             43 	.area _HOME
                             44 ;--------------------------------------------------------
                             45 ; code
                             46 ;--------------------------------------------------------
                             47 	.area _CODE
                             48 ;src/render.c:11: void renderSprites(){
                             49 ;	---------------------------------
                             50 ; Function renderSprites
                             51 ; ---------------------------------
   0000                      52 _renderSprites::
   0000 DD E5         [15]   53 	push	ix
   0002 DD 21 00 00   [14]   54 	ld	ix,#0
   0006 DD 39         [15]   55 	add	ix,sp
   0008 21 F6 FF      [10]   56 	ld	hl, #-10
   000B 39            [11]   57 	add	hl, sp
   000C F9            [ 6]   58 	ld	sp, hl
                             59 ;src/render.c:16: for (i = 0; i < MAX_SPRITES; i++) {
   000D DD 36 F6 00   [19]   60 	ld	-10 (ix), #0x00
   0011                      61 00126$:
                             62 ;src/render.c:17: if (sprites[i].id !=0) {						//only live and renderable sprites
   0011 DD 4E F6      [19]   63 	ld	c,-10 (ix)
   0014 06 00         [ 7]   64 	ld	b,#0x00
   0016 69            [ 4]   65 	ld	l, c
   0017 60            [ 4]   66 	ld	h, b
   0018 29            [11]   67 	add	hl, hl
   0019 09            [11]   68 	add	hl, bc
   001A 29            [11]   69 	add	hl, hl
   001B 29            [11]   70 	add	hl, hl
   001C 29            [11]   71 	add	hl, hl
   001D 01r00r00      [10]   72 	ld	bc,#_sprites
   0020 09            [11]   73 	add	hl,bc
   0021 DD 75 F9      [19]   74 	ld	-7 (ix), l
   0024 DD 74 FA      [19]   75 	ld	-6 (ix), h
   0027 7E            [ 7]   76 	ld	a, (hl)
   0028 B7            [ 4]   77 	or	a, a
   0029 CAr7Ar01      [10]   78 	jp	Z, 00127$
                             79 ;src/render.c:18: if (sprites[i].properties & MASK_RENDER) {
   002C DD 6E F9      [19]   80 	ld	l,-7 (ix)
   002F DD 66 FA      [19]   81 	ld	h,-6 (ix)
   0032 11 0B 00      [10]   82 	ld	de, #0x000b
   0035 19            [11]   83 	add	hl, de
   0036 4E            [ 7]   84 	ld	c, (hl)
                             85 ;src/render.c:47: cpct_getScreenPtr(mem_start, sprites[i].x, sprites[i].y),
   0037 DD 7E F9      [19]   86 	ld	a, -7 (ix)
   003A C6 02         [ 7]   87 	add	a, #0x02
   003C DD 77 FE      [19]   88 	ld	-2 (ix), a
   003F DD 7E FA      [19]   89 	ld	a, -6 (ix)
   0042 CE 00         [ 7]   90 	adc	a, #0x00
   0044 DD 77 FF      [19]   91 	ld	-1 (ix), a
   0047 DD 7E F9      [19]   92 	ld	a, -7 (ix)
   004A C6 01         [ 7]   93 	add	a, #0x01
   004C DD 77 F7      [19]   94 	ld	-9 (ix), a
   004F DD 7E FA      [19]   95 	ld	a, -6 (ix)
   0052 CE 00         [ 7]   96 	adc	a, #0x00
   0054 DD 77 F8      [19]   97 	ld	-8 (ix), a
                             98 ;src/render.c:18: if (sprites[i].properties & MASK_RENDER) {
   0057 CB 41         [ 8]   99 	bit	0, c
   0059 CAr29r01      [10]  100 	jp	Z,00119$
                            101 ;src/render.c:33: sprite = sprites[i].sprite_f1; 
   005C DD 7E F9      [19]  102 	ld	a, -7 (ix)
   005F C6 0F         [ 7]  103 	add	a, #0x0f
   0061 DD 77 FB      [19]  104 	ld	-5 (ix), a
   0064 DD 7E FA      [19]  105 	ld	a, -6 (ix)
   0067 CE 00         [ 7]  106 	adc	a, #0x00
   0069 DD 77 FC      [19]  107 	ld	-4 (ix), a
                            108 ;src/render.c:20: if (sprites[i].properties & MASK_ANIMATE) {
   006C CB 49         [ 8]  109 	bit	1, c
   006E 28 55         [12]  110 	jr	Z,00114$
                            111 ;src/render.c:28: if (anim_clock > 7) num_frame=2;
   0070 3E 07         [ 7]  112 	ld	a, #0x07
   0072 FD 21r00r00   [14]  113 	ld	iy, #_anim_clock
   0076 FD 96 00      [19]  114 	sub	a, 0 (iy)
   0079 30 04         [12]  115 	jr	NC,00102$
   007B 3E 02         [ 7]  116 	ld	a, #0x02
   007D 18 02         [12]  117 	jr	00103$
   007F                     118 00102$:
                            119 ;src/render.c:29: else num_frame=1;
   007F 3E 01         [ 7]  120 	ld	a, #0x01
   0081                     121 00103$:
                            122 ;src/render.c:32: if (num_frame == 1) {
   0081 FE 01         [ 7]  123 	cp	a, #0x01
   0083 20 0B         [12]  124 	jr	NZ,00111$
                            125 ;src/render.c:33: sprite = sprites[i].sprite_f1; 
   0085 DD 6E FB      [19]  126 	ld	l,-5 (ix)
   0088 DD 66 FC      [19]  127 	ld	h,-4 (ix)
   008B 4E            [ 7]  128 	ld	c, (hl)
   008C 23            [ 6]  129 	inc	hl
   008D 46            [ 7]  130 	ld	b, (hl)
   008E 18 3E         [12]  131 	jr	00115$
   0090                     132 00111$:
                            133 ;src/render.c:34: } else if (num_frame == 2) {
   0090 FE 02         [ 7]  134 	cp	a, #0x02
   0092 20 0F         [12]  135 	jr	NZ,00108$
                            136 ;src/render.c:35: sprite = sprites[i].sprite_f2;
   0094 DD 6E F9      [19]  137 	ld	l,-7 (ix)
   0097 DD 66 FA      [19]  138 	ld	h,-6 (ix)
   009A 11 11 00      [10]  139 	ld	de, #0x0011
   009D 19            [11]  140 	add	hl, de
   009E 4E            [ 7]  141 	ld	c, (hl)
   009F 23            [ 6]  142 	inc	hl
   00A0 46            [ 7]  143 	ld	b, (hl)
   00A1 18 2B         [12]  144 	jr	00115$
   00A3                     145 00108$:
                            146 ;src/render.c:36: } else if (num_frame == 3) { 
   00A3 D6 03         [ 7]  147 	sub	a, #0x03
   00A5 20 0F         [12]  148 	jr	NZ,00105$
                            149 ;src/render.c:37: sprite = sprites[i].sprite_f3; 
   00A7 DD 6E F9      [19]  150 	ld	l,-7 (ix)
   00AA DD 66 FA      [19]  151 	ld	h,-6 (ix)
   00AD 11 13 00      [10]  152 	ld	de, #0x0013
   00B0 19            [11]  153 	add	hl, de
   00B1 4E            [ 7]  154 	ld	c, (hl)
   00B2 23            [ 6]  155 	inc	hl
   00B3 46            [ 7]  156 	ld	b, (hl)
   00B4 18 18         [12]  157 	jr	00115$
   00B6                     158 00105$:
                            159 ;src/render.c:38: } else sprite = sprites[i].sprite_f4;
   00B6 DD 6E F9      [19]  160 	ld	l,-7 (ix)
   00B9 DD 66 FA      [19]  161 	ld	h,-6 (ix)
   00BC 11 15 00      [10]  162 	ld	de, #0x0015
   00BF 19            [11]  163 	add	hl, de
   00C0 4E            [ 7]  164 	ld	c, (hl)
   00C1 23            [ 6]  165 	inc	hl
   00C2 46            [ 7]  166 	ld	b, (hl)
   00C3 18 09         [12]  167 	jr	00115$
   00C5                     168 00114$:
                            169 ;src/render.c:39: } else sprite = sprites[i].sprite_f1;
   00C5 DD 6E FB      [19]  170 	ld	l,-5 (ix)
   00C8 DD 66 FC      [19]  171 	ld	h,-4 (ix)
   00CB 4E            [ 7]  172 	ld	c, (hl)
   00CC 23            [ 6]  173 	inc	hl
   00CD 46            [ 7]  174 	ld	b, (hl)
   00CE                     175 00115$:
                            176 ;src/render.c:41: if (sprites[i].turned)							//turn sprite around
   00CE DD 6E F9      [19]  177 	ld	l,-7 (ix)
   00D1 DD 66 FA      [19]  178 	ld	h,-6 (ix)
   00D4 11 17 00      [10]  179 	ld	de, #0x0017
   00D7 19            [11]  180 	add	hl, de
   00D8 7E            [ 7]  181 	ld	a, (hl)
   00D9 B7            [ 4]  182 	or	a, a
   00DA 28 06         [12]  183 	jr	Z,00117$
                            184 ;src/render.c:43: sprite = sprite + ((G_PITU_W*2)*G_PITU_H);	//find next sprite in memory, "rev" version
   00DC 21 C0 01      [10]  185 	ld	hl, #0x01c0
   00DF 09            [11]  186 	add	hl,bc
   00E0 4D            [ 4]  187 	ld	c, l
   00E1 44            [ 4]  188 	ld	b, h
   00E2                     189 00117$:
                            190 ;src/render.c:48: sprites[i].width, sprites[i].height);
   00E2 DD 6E F9      [19]  191 	ld	l,-7 (ix)
   00E5 DD 66 FA      [19]  192 	ld	h,-6 (ix)
   00E8 11 09 00      [10]  193 	ld	de, #0x0009
   00EB 19            [11]  194 	add	hl, de
   00EC 7E            [ 7]  195 	ld	a, (hl)
   00ED DD 77 FB      [19]  196 	ld	-5 (ix), a
   00F0 DD 6E F9      [19]  197 	ld	l,-7 (ix)
   00F3 DD 66 FA      [19]  198 	ld	h,-6 (ix)
   00F6 11 0A 00      [10]  199 	ld	de, #0x000a
   00F9 19            [11]  200 	add	hl, de
   00FA 7E            [ 7]  201 	ld	a, (hl)
   00FB DD 77 FD      [19]  202 	ld	-3 (ix), a
                            203 ;src/render.c:47: cpct_getScreenPtr(mem_start, sprites[i].x, sprites[i].y),
   00FE DD 6E FE      [19]  204 	ld	l,-2 (ix)
   0101 DD 66 FF      [19]  205 	ld	h,-1 (ix)
   0104 5E            [ 7]  206 	ld	e, (hl)
   0105 DD 6E F7      [19]  207 	ld	l,-9 (ix)
   0108 DD 66 F8      [19]  208 	ld	h,-8 (ix)
   010B 56            [ 7]  209 	ld	d, (hl)
   010C FD 2Ar00r00   [20]  210 	ld	iy, (_mem_start)
   0110 C5            [11]  211 	push	bc
   0111 7B            [ 4]  212 	ld	a, e
   0112 F5            [11]  213 	push	af
   0113 33            [ 6]  214 	inc	sp
   0114 D5            [11]  215 	push	de
   0115 33            [ 6]  216 	inc	sp
   0116 FD E5         [15]  217 	push	iy
   0118 CDr00r00      [17]  218 	call	_cpct_getScreenPtr
   011B EB            [ 4]  219 	ex	de,hl
   011C C1            [10]  220 	pop	bc
                            221 ;src/render.c:45: cpct_drawSpriteMasked(sprite,
   011D DD 66 FB      [19]  222 	ld	h, -5 (ix)
   0120 DD 6E FD      [19]  223 	ld	l, -3 (ix)
   0123 E5            [11]  224 	push	hl
   0124 D5            [11]  225 	push	de
   0125 C5            [11]  226 	push	bc
   0126 CDr00r00      [17]  227 	call	_cpct_drawSpriteMasked
   0129                     228 00119$:
                            229 ;src/render.c:47: cpct_getScreenPtr(mem_start, sprites[i].x, sprites[i].y),
   0129 DD 6E F7      [19]  230 	ld	l,-9 (ix)
   012C DD 66 F8      [19]  231 	ld	h,-8 (ix)
   012F 4E            [ 7]  232 	ld	c, (hl)
                            233 ;src/render.c:53: if (!swap_memvideo) {
   0130 3Ar00r00      [13]  234 	ld	a,(#_swap_memvideo + 0)
   0133 B7            [ 4]  235 	or	a, a
   0134 20 23         [12]  236 	jr	NZ,00121$
                            237 ;src/render.c:54: sprites[i].x_prev_B = sprites[i].x;
   0136 DD 7E F9      [19]  238 	ld	a, -7 (ix)
   0139 C6 07         [ 7]  239 	add	a, #0x07
   013B 6F            [ 4]  240 	ld	l, a
   013C DD 7E FA      [19]  241 	ld	a, -6 (ix)
   013F CE 00         [ 7]  242 	adc	a, #0x00
   0141 67            [ 4]  243 	ld	h, a
   0142 71            [ 7]  244 	ld	(hl), c
                            245 ;src/render.c:55: sprites[i].y_prev_B = sprites[i].y;
   0143 DD 7E F9      [19]  246 	ld	a, -7 (ix)
   0146 C6 08         [ 7]  247 	add	a, #0x08
   0148 4F            [ 4]  248 	ld	c, a
   0149 DD 7E FA      [19]  249 	ld	a, -6 (ix)
   014C CE 00         [ 7]  250 	adc	a, #0x00
   014E 47            [ 4]  251 	ld	b, a
   014F DD 6E FE      [19]  252 	ld	l,-2 (ix)
   0152 DD 66 FF      [19]  253 	ld	h,-1 (ix)
   0155 7E            [ 7]  254 	ld	a, (hl)
   0156 02            [ 7]  255 	ld	(bc), a
   0157 18 21         [12]  256 	jr	00127$
   0159                     257 00121$:
                            258 ;src/render.c:57: sprites[i].x_prev_A = sprites[i].x;
   0159 DD 7E F9      [19]  259 	ld	a, -7 (ix)
   015C C6 05         [ 7]  260 	add	a, #0x05
   015E 6F            [ 4]  261 	ld	l, a
   015F DD 7E FA      [19]  262 	ld	a, -6 (ix)
   0162 CE 00         [ 7]  263 	adc	a, #0x00
   0164 67            [ 4]  264 	ld	h, a
   0165 71            [ 7]  265 	ld	(hl), c
                            266 ;src/render.c:58: sprites[i].y_prev_A = sprites[i].y;
   0166 DD 7E F9      [19]  267 	ld	a, -7 (ix)
   0169 C6 06         [ 7]  268 	add	a, #0x06
   016B 4F            [ 4]  269 	ld	c, a
   016C DD 7E FA      [19]  270 	ld	a, -6 (ix)
   016F CE 00         [ 7]  271 	adc	a, #0x00
   0171 47            [ 4]  272 	ld	b, a
   0172 DD 6E FE      [19]  273 	ld	l,-2 (ix)
   0175 DD 66 FF      [19]  274 	ld	h,-1 (ix)
   0178 7E            [ 7]  275 	ld	a, (hl)
   0179 02            [ 7]  276 	ld	(bc), a
   017A                     277 00127$:
                            278 ;src/render.c:16: for (i = 0; i < MAX_SPRITES; i++) {
   017A DD 34 F6      [23]  279 	inc	-10 (ix)
   017D DD 7E F6      [19]  280 	ld	a, -10 (ix)
   0180 D6 0A         [ 7]  281 	sub	a, #0x0a
   0182 DAr11r00      [10]  282 	jp	C, 00126$
   0185 DD F9         [10]  283 	ld	sp, ix
   0187 DD E1         [14]  284 	pop	ix
   0189 C9            [10]  285 	ret
                            286 ;src/render.c:64: void deleteSprites(){
                            287 ;	---------------------------------
                            288 ; Function deleteSprites
                            289 ; ---------------------------------
   018A                     290 _deleteSprites::
   018A DD E5         [15]  291 	push	ix
   018C DD 21 00 00   [14]  292 	ld	ix,#0
   0190 DD 39         [15]  293 	add	ix,sp
   0192 21 F5 FF      [10]  294 	ld	hl, #-11
   0195 39            [11]  295 	add	hl, sp
   0196 F9            [ 6]  296 	ld	sp, hl
                            297 ;src/render.c:69: for (i = 0; i < MAX_SPRITES; i++) {
   0197 DD 36 F5 00   [19]  298 	ld	-11 (ix), #0x00
   019B                     299 00107$:
                            300 ;src/render.c:70: if (sprites[i].id !=0) {
   019B DD 4E F5      [19]  301 	ld	c,-11 (ix)
   019E 06 00         [ 7]  302 	ld	b,#0x00
   01A0 69            [ 4]  303 	ld	l, c
   01A1 60            [ 4]  304 	ld	h, b
   01A2 29            [11]  305 	add	hl, hl
   01A3 09            [11]  306 	add	hl, bc
   01A4 29            [11]  307 	add	hl, hl
   01A5 29            [11]  308 	add	hl, hl
   01A6 29            [11]  309 	add	hl, hl
   01A7 01r00r00      [10]  310 	ld	bc,#_sprites
   01AA 09            [11]  311 	add	hl,bc
   01AB DD 75 F6      [19]  312 	ld	-10 (ix), l
   01AE DD 74 F7      [19]  313 	ld	-9 (ix), h
   01B1 7E            [ 7]  314 	ld	a, (hl)
   01B2 DD 77 FA      [19]  315 	ld	-6 (ix), a
   01B5 B7            [ 4]  316 	or	a, a
   01B6 CAr67r02      [10]  317 	jp	Z, 00108$
                            318 ;src/render.c:71: if (!swap_memvideo){
   01B9 3Ar00r00      [13]  319 	ld	a,(#_swap_memvideo + 0)
   01BC B7            [ 4]  320 	or	a, a
   01BD 20 1E         [12]  321 	jr	NZ,00102$
                            322 ;src/render.c:72: x = sprites[i].x_prev_B;
   01BF DD 6E F6      [19]  323 	ld	l,-10 (ix)
   01C2 DD 66 F7      [19]  324 	ld	h,-9 (ix)
   01C5 11 07 00      [10]  325 	ld	de, #0x0007
   01C8 19            [11]  326 	add	hl, de
   01C9 7E            [ 7]  327 	ld	a, (hl)
   01CA DD 77 FA      [19]  328 	ld	-6 (ix), a
                            329 ;src/render.c:73: y = sprites[i].y_prev_B;
   01CD DD 6E F6      [19]  330 	ld	l,-10 (ix)
   01D0 DD 66 F7      [19]  331 	ld	h,-9 (ix)
   01D3 11 08 00      [10]  332 	ld	de, #0x0008
   01D6 19            [11]  333 	add	hl, de
   01D7 7E            [ 7]  334 	ld	a, (hl)
   01D8 DD 77 FB      [19]  335 	ld	-5 (ix), a
   01DB 18 1C         [12]  336 	jr	00103$
   01DD                     337 00102$:
                            338 ;src/render.c:76: x = sprites[i].x_prev_A;
   01DD DD 6E F6      [19]  339 	ld	l,-10 (ix)
   01E0 DD 66 F7      [19]  340 	ld	h,-9 (ix)
   01E3 11 05 00      [10]  341 	ld	de, #0x0005
   01E6 19            [11]  342 	add	hl, de
   01E7 7E            [ 7]  343 	ld	a, (hl)
   01E8 DD 77 FA      [19]  344 	ld	-6 (ix), a
                            345 ;src/render.c:77: y = sprites[i].y_prev_A;
   01EB DD 6E F6      [19]  346 	ld	l,-10 (ix)
   01EE DD 66 F7      [19]  347 	ld	h,-9 (ix)
   01F1 11 06 00      [10]  348 	ld	de, #0x0006
   01F4 19            [11]  349 	add	hl, de
   01F5 7E            [ 7]  350 	ld	a, (hl)
   01F6 DD 77 FB      [19]  351 	ld	-5 (ix), a
   01F9                     352 00103$:
                            353 ;src/render.c:82: sprites[i].width, sprites[i].height);
   01F9 DD 7E F6      [19]  354 	ld	a, -10 (ix)
   01FC DD 77 F8      [19]  355 	ld	-8 (ix), a
   01FF DD 7E F7      [19]  356 	ld	a, -9 (ix)
   0202 DD 77 F9      [19]  357 	ld	-7 (ix), a
   0205 DD 6E F8      [19]  358 	ld	l,-8 (ix)
   0208 DD 66 F9      [19]  359 	ld	h,-7 (ix)
   020B 11 09 00      [10]  360 	ld	de, #0x0009
   020E 19            [11]  361 	add	hl, de
   020F 7E            [ 7]  362 	ld	a, (hl)
   0210 DD 77 F8      [19]  363 	ld	-8 (ix), a
   0213 DD 6E F6      [19]  364 	ld	l,-10 (ix)
   0216 DD 66 F7      [19]  365 	ld	h,-9 (ix)
   0219 11 0A 00      [10]  366 	ld	de, #0x000a
   021C 19            [11]  367 	add	hl, de
   021D 7E            [ 7]  368 	ld	a, (hl)
   021E DD 77 F6      [19]  369 	ld	-10 (ix), a
                            370 ;src/render.c:81: cpct_px2byteM0(5,5),						//background color
   0221 21 05 05      [10]  371 	ld	hl, #0x0505
   0224 E5            [11]  372 	push	hl
   0225 CDr00r00      [17]  373 	call	_cpct_px2byteM0
   0228 DD 75 FE      [19]  374 	ld	-2 (ix), l
   022B DD 36 FF 00   [19]  375 	ld	-1 (ix), #0x00
                            376 ;src/render.c:80: cpct_getScreenPtr(mem_start, x, y),
   022F 2Ar00r00      [16]  377 	ld	hl, (_mem_start)
   0232 DD 75 FC      [19]  378 	ld	-4 (ix), l
   0235 DD 74 FD      [19]  379 	ld	-3 (ix), h
   0238 DD 66 FB      [19]  380 	ld	h, -5 (ix)
   023B DD 6E FA      [19]  381 	ld	l, -6 (ix)
   023E E5            [11]  382 	push	hl
   023F DD 6E FC      [19]  383 	ld	l,-4 (ix)
   0242 DD 66 FD      [19]  384 	ld	h,-3 (ix)
   0245 E5            [11]  385 	push	hl
   0246 CDr00r00      [17]  386 	call	_cpct_getScreenPtr
   0249 DD 74 FD      [19]  387 	ld	-3 (ix), h
   024C DD 75 FC      [19]  388 	ld	-4 (ix), l
   024F DD 66 F8      [19]  389 	ld	h, -8 (ix)
   0252 DD 6E F6      [19]  390 	ld	l, -10 (ix)
   0255 E5            [11]  391 	push	hl
   0256 DD 6E FE      [19]  392 	ld	l,-2 (ix)
   0259 DD 66 FF      [19]  393 	ld	h,-1 (ix)
   025C E5            [11]  394 	push	hl
   025D DD 6E FC      [19]  395 	ld	l,-4 (ix)
   0260 DD 66 FD      [19]  396 	ld	h,-3 (ix)
   0263 E5            [11]  397 	push	hl
   0264 CDr00r00      [17]  398 	call	_cpct_drawSolidBox
   0267                     399 00108$:
                            400 ;src/render.c:69: for (i = 0; i < MAX_SPRITES; i++) {
   0267 DD 34 F5      [23]  401 	inc	-11 (ix)
   026A DD 7E F5      [19]  402 	ld	a, -11 (ix)
   026D D6 0A         [ 7]  403 	sub	a, #0x0a
   026F DAr9Br01      [10]  404 	jp	C, 00107$
   0272 DD F9         [10]  405 	ld	sp, ix
   0274 DD E1         [14]  406 	pop	ix
   0276 C9            [10]  407 	ret
                            408 	.area _CODE
                            409 	.area _INITIALIZER
                            410 	.area _CABS (ABS)
