                              1 ;--------------------------------------------------------
                              2 ; File Created by SDCC : free open source ANSI-C Compiler
                              3 ; Version 3.6.8 #9946 (Linux)
                              4 ;--------------------------------------------------------
                              5 	.module tileset
                              6 	.optsdcc -mz80
                              7 	
                              8 ;--------------------------------------------------------
                              9 ; Public variables in this module
                             10 ;--------------------------------------------------------
                             11 	.globl _g_tileset_15
                             12 	.globl _g_tileset_14
                             13 	.globl _g_tileset_13
                             14 	.globl _g_tileset_12
                             15 	.globl _g_tileset_11
                             16 	.globl _g_tileset_10
                             17 	.globl _g_tileset_09
                             18 	.globl _g_tileset_08
                             19 	.globl _g_tileset_07
                             20 	.globl _g_tileset_06
                             21 	.globl _g_tileset_05
                             22 	.globl _g_tileset_04
                             23 	.globl _g_tileset_03
                             24 	.globl _g_tileset_02
                             25 	.globl _g_tileset_01
                             26 	.globl _g_tileset_00
                             27 ;--------------------------------------------------------
                             28 ; special function registers
                             29 ;--------------------------------------------------------
                             30 ;--------------------------------------------------------
                             31 ; ram data
                             32 ;--------------------------------------------------------
                             33 	.area _DATA
                             34 ;--------------------------------------------------------
                             35 ; ram data
                             36 ;--------------------------------------------------------
                             37 	.area _INITIALIZED
                             38 ;--------------------------------------------------------
                             39 ; absolute external ram data
                             40 ;--------------------------------------------------------
                             41 	.area _DABS (ABS)
                             42 ;--------------------------------------------------------
                             43 ; global & static initialisations
                             44 ;--------------------------------------------------------
                             45 	.area _HOME
                             46 	.area _GSINIT
                             47 	.area _GSFINAL
                             48 	.area _GSINIT
                             49 ;--------------------------------------------------------
                             50 ; Home
                             51 ;--------------------------------------------------------
                             52 	.area _HOME
                             53 	.area _HOME
                             54 ;--------------------------------------------------------
                             55 ; code
                             56 ;--------------------------------------------------------
                             57 	.area _CODE
                             58 	.area _CODE
   0000                      59 _g_tileset_00:
   0000 C0                   60 	.db #0xc0	; 192
   0001 C0                   61 	.db #0xc0	; 192
   0002 C0                   62 	.db #0xc0	; 192
   0003 C0                   63 	.db #0xc0	; 192
   0004 C0                   64 	.db #0xc0	; 192
   0005 C0                   65 	.db #0xc0	; 192
   0006 C0                   66 	.db #0xc0	; 192
   0007 C0                   67 	.db #0xc0	; 192
   0008 C0                   68 	.db #0xc0	; 192
   0009 C0                   69 	.db #0xc0	; 192
   000A C0                   70 	.db #0xc0	; 192
   000B C0                   71 	.db #0xc0	; 192
   000C C0                   72 	.db #0xc0	; 192
   000D C0                   73 	.db #0xc0	; 192
   000E C0                   74 	.db #0xc0	; 192
   000F C0                   75 	.db #0xc0	; 192
   0010 C0                   76 	.db #0xc0	; 192
   0011 C0                   77 	.db #0xc0	; 192
   0012 C0                   78 	.db #0xc0	; 192
   0013 C0                   79 	.db #0xc0	; 192
   0014 CC                   80 	.db #0xcc	; 204
   0015 CC                   81 	.db #0xcc	; 204
   0016 CC                   82 	.db #0xcc	; 204
   0017 CC                   83 	.db #0xcc	; 204
   0018 C0                   84 	.db #0xc0	; 192
   0019 C0                   85 	.db #0xc0	; 192
   001A C0                   86 	.db #0xc0	; 192
   001B C0                   87 	.db #0xc0	; 192
   001C C0                   88 	.db #0xc0	; 192
   001D C0                   89 	.db #0xc0	; 192
   001E C0                   90 	.db #0xc0	; 192
   001F C0                   91 	.db #0xc0	; 192
   0020                      92 _g_tileset_01:
   0020 CC                   93 	.db #0xcc	; 204
   0021 CC                   94 	.db #0xcc	; 204
   0022 CC                   95 	.db #0xcc	; 204
   0023 CC                   96 	.db #0xcc	; 204
   0024 C0                   97 	.db #0xc0	; 192
   0025 C0                   98 	.db #0xc0	; 192
   0026 C0                   99 	.db #0xc0	; 192
   0027 C0                  100 	.db #0xc0	; 192
   0028 C0                  101 	.db #0xc0	; 192
   0029 C0                  102 	.db #0xc0	; 192
   002A C0                  103 	.db #0xc0	; 192
   002B C0                  104 	.db #0xc0	; 192
   002C C0                  105 	.db #0xc0	; 192
   002D C0                  106 	.db #0xc0	; 192
   002E C0                  107 	.db #0xc0	; 192
   002F C0                  108 	.db #0xc0	; 192
   0030 C0                  109 	.db #0xc0	; 192
   0031 C0                  110 	.db #0xc0	; 192
   0032 C0                  111 	.db #0xc0	; 192
   0033 C0                  112 	.db #0xc0	; 192
   0034 C0                  113 	.db #0xc0	; 192
   0035 C0                  114 	.db #0xc0	; 192
   0036 C0                  115 	.db #0xc0	; 192
   0037 C0                  116 	.db #0xc0	; 192
   0038 C0                  117 	.db #0xc0	; 192
   0039 C0                  118 	.db #0xc0	; 192
   003A C0                  119 	.db #0xc0	; 192
   003B C0                  120 	.db #0xc0	; 192
   003C C0                  121 	.db #0xc0	; 192
   003D C0                  122 	.db #0xc0	; 192
   003E C0                  123 	.db #0xc0	; 192
   003F C0                  124 	.db #0xc0	; 192
   0040                     125 _g_tileset_02:
   0040 C8                  126 	.db #0xc8	; 200
   0041 C0                  127 	.db #0xc0	; 192
   0042 C0                  128 	.db #0xc0	; 192
   0043 C0                  129 	.db #0xc0	; 192
   0044 C0                  130 	.db #0xc0	; 192
   0045 C0                  131 	.db #0xc0	; 192
   0046 C0                  132 	.db #0xc0	; 192
   0047 C8                  133 	.db #0xc8	; 200
   0048 C8                  134 	.db #0xc8	; 200
   0049 C0                  135 	.db #0xc0	; 192
   004A C0                  136 	.db #0xc0	; 192
   004B C0                  137 	.db #0xc0	; 192
   004C C0                  138 	.db #0xc0	; 192
   004D C0                  139 	.db #0xc0	; 192
   004E C0                  140 	.db #0xc0	; 192
   004F C8                  141 	.db #0xc8	; 200
   0050 C8                  142 	.db #0xc8	; 200
   0051 C0                  143 	.db #0xc0	; 192
   0052 C0                  144 	.db #0xc0	; 192
   0053 C0                  145 	.db #0xc0	; 192
   0054 C0                  146 	.db #0xc0	; 192
   0055 C0                  147 	.db #0xc0	; 192
   0056 C0                  148 	.db #0xc0	; 192
   0057 C8                  149 	.db #0xc8	; 200
   0058 C8                  150 	.db #0xc8	; 200
   0059 C0                  151 	.db #0xc0	; 192
   005A C0                  152 	.db #0xc0	; 192
   005B C0                  153 	.db #0xc0	; 192
   005C C0                  154 	.db #0xc0	; 192
   005D C0                  155 	.db #0xc0	; 192
   005E C0                  156 	.db #0xc0	; 192
   005F C8                  157 	.db #0xc8	; 200
   0060                     158 _g_tileset_03:
   0060 C0                  159 	.db #0xc0	; 192
   0061 C0                  160 	.db #0xc0	; 192
   0062 C0                  161 	.db #0xc0	; 192
   0063 C4                  162 	.db #0xc4	; 196
   0064 C4                  163 	.db #0xc4	; 196
   0065 C0                  164 	.db #0xc0	; 192
   0066 C0                  165 	.db #0xc0	; 192
   0067 C0                  166 	.db #0xc0	; 192
   0068 C0                  167 	.db #0xc0	; 192
   0069 C0                  168 	.db #0xc0	; 192
   006A C0                  169 	.db #0xc0	; 192
   006B C4                  170 	.db #0xc4	; 196
   006C C4                  171 	.db #0xc4	; 196
   006D C0                  172 	.db #0xc0	; 192
   006E C0                  173 	.db #0xc0	; 192
   006F C0                  174 	.db #0xc0	; 192
   0070 C0                  175 	.db #0xc0	; 192
   0071 C0                  176 	.db #0xc0	; 192
   0072 C0                  177 	.db #0xc0	; 192
   0073 C4                  178 	.db #0xc4	; 196
   0074 C4                  179 	.db #0xc4	; 196
   0075 C0                  180 	.db #0xc0	; 192
   0076 C0                  181 	.db #0xc0	; 192
   0077 C0                  182 	.db #0xc0	; 192
   0078 C0                  183 	.db #0xc0	; 192
   0079 C0                  184 	.db #0xc0	; 192
   007A C0                  185 	.db #0xc0	; 192
   007B C4                  186 	.db #0xc4	; 196
   007C C4                  187 	.db #0xc4	; 196
   007D C0                  188 	.db #0xc0	; 192
   007E C0                  189 	.db #0xc0	; 192
   007F C0                  190 	.db #0xc0	; 192
   0080                     191 _g_tileset_04:
   0080 CC                  192 	.db #0xcc	; 204
   0081 CC                  193 	.db #0xcc	; 204
   0082 CC                  194 	.db #0xcc	; 204
   0083 CC                  195 	.db #0xcc	; 204
   0084 C0                  196 	.db #0xc0	; 192
   0085 C0                  197 	.db #0xc0	; 192
   0086 C0                  198 	.db #0xc0	; 192
   0087 C8                  199 	.db #0xc8	; 200
   0088 C8                  200 	.db #0xc8	; 200
   0089 C0                  201 	.db #0xc0	; 192
   008A C0                  202 	.db #0xc0	; 192
   008B C0                  203 	.db #0xc0	; 192
   008C C0                  204 	.db #0xc0	; 192
   008D C0                  205 	.db #0xc0	; 192
   008E C0                  206 	.db #0xc0	; 192
   008F C8                  207 	.db #0xc8	; 200
   0090 C8                  208 	.db #0xc8	; 200
   0091 C0                  209 	.db #0xc0	; 192
   0092 C0                  210 	.db #0xc0	; 192
   0093 C0                  211 	.db #0xc0	; 192
   0094 C0                  212 	.db #0xc0	; 192
   0095 C0                  213 	.db #0xc0	; 192
   0096 C0                  214 	.db #0xc0	; 192
   0097 C8                  215 	.db #0xc8	; 200
   0098 C8                  216 	.db #0xc8	; 200
   0099 C0                  217 	.db #0xc0	; 192
   009A C0                  218 	.db #0xc0	; 192
   009B C0                  219 	.db #0xc0	; 192
   009C C0                  220 	.db #0xc0	; 192
   009D C0                  221 	.db #0xc0	; 192
   009E C0                  222 	.db #0xc0	; 192
   009F C8                  223 	.db #0xc8	; 200
   00A0                     224 _g_tileset_05:
   00A0 CC                  225 	.db #0xcc	; 204
   00A1 CC                  226 	.db #0xcc	; 204
   00A2 CC                  227 	.db #0xcc	; 204
   00A3 CC                  228 	.db #0xcc	; 204
   00A4 C4                  229 	.db #0xc4	; 196
   00A5 C0                  230 	.db #0xc0	; 192
   00A6 C0                  231 	.db #0xc0	; 192
   00A7 C0                  232 	.db #0xc0	; 192
   00A8 C0                  233 	.db #0xc0	; 192
   00A9 C0                  234 	.db #0xc0	; 192
   00AA C0                  235 	.db #0xc0	; 192
   00AB C4                  236 	.db #0xc4	; 196
   00AC C4                  237 	.db #0xc4	; 196
   00AD C0                  238 	.db #0xc0	; 192
   00AE C0                  239 	.db #0xc0	; 192
   00AF C0                  240 	.db #0xc0	; 192
   00B0 C0                  241 	.db #0xc0	; 192
   00B1 C0                  242 	.db #0xc0	; 192
   00B2 C0                  243 	.db #0xc0	; 192
   00B3 C4                  244 	.db #0xc4	; 196
   00B4 C4                  245 	.db #0xc4	; 196
   00B5 C0                  246 	.db #0xc0	; 192
   00B6 C0                  247 	.db #0xc0	; 192
   00B7 C0                  248 	.db #0xc0	; 192
   00B8 C0                  249 	.db #0xc0	; 192
   00B9 C0                  250 	.db #0xc0	; 192
   00BA C0                  251 	.db #0xc0	; 192
   00BB C4                  252 	.db #0xc4	; 196
   00BC C4                  253 	.db #0xc4	; 196
   00BD C0                  254 	.db #0xc0	; 192
   00BE C0                  255 	.db #0xc0	; 192
   00BF C0                  256 	.db #0xc0	; 192
   00C0                     257 _g_tileset_06:
   00C0 C8                  258 	.db #0xc8	; 200
   00C1 C0                  259 	.db #0xc0	; 192
   00C2 C0                  260 	.db #0xc0	; 192
   00C3 C0                  261 	.db #0xc0	; 192
   00C4 C0                  262 	.db #0xc0	; 192
   00C5 C0                  263 	.db #0xc0	; 192
   00C6 C0                  264 	.db #0xc0	; 192
   00C7 C8                  265 	.db #0xc8	; 200
   00C8 C8                  266 	.db #0xc8	; 200
   00C9 C0                  267 	.db #0xc0	; 192
   00CA C0                  268 	.db #0xc0	; 192
   00CB C0                  269 	.db #0xc0	; 192
   00CC C0                  270 	.db #0xc0	; 192
   00CD C0                  271 	.db #0xc0	; 192
   00CE C0                  272 	.db #0xc0	; 192
   00CF C8                  273 	.db #0xc8	; 200
   00D0 C8                  274 	.db #0xc8	; 200
   00D1 C0                  275 	.db #0xc0	; 192
   00D2 C0                  276 	.db #0xc0	; 192
   00D3 C0                  277 	.db #0xc0	; 192
   00D4 CC                  278 	.db #0xcc	; 204
   00D5 CC                  279 	.db #0xcc	; 204
   00D6 CC                  280 	.db #0xcc	; 204
   00D7 CC                  281 	.db #0xcc	; 204
   00D8 C8                  282 	.db #0xc8	; 200
   00D9 C0                  283 	.db #0xc0	; 192
   00DA C0                  284 	.db #0xc0	; 192
   00DB C0                  285 	.db #0xc0	; 192
   00DC C0                  286 	.db #0xc0	; 192
   00DD C0                  287 	.db #0xc0	; 192
   00DE C0                  288 	.db #0xc0	; 192
   00DF C8                  289 	.db #0xc8	; 200
   00E0                     290 _g_tileset_07:
   00E0 C0                  291 	.db #0xc0	; 192
   00E1 C0                  292 	.db #0xc0	; 192
   00E2 C0                  293 	.db #0xc0	; 192
   00E3 C4                  294 	.db #0xc4	; 196
   00E4 C4                  295 	.db #0xc4	; 196
   00E5 C0                  296 	.db #0xc0	; 192
   00E6 C0                  297 	.db #0xc0	; 192
   00E7 C0                  298 	.db #0xc0	; 192
   00E8 C0                  299 	.db #0xc0	; 192
   00E9 C0                  300 	.db #0xc0	; 192
   00EA C0                  301 	.db #0xc0	; 192
   00EB C4                  302 	.db #0xc4	; 196
   00EC C4                  303 	.db #0xc4	; 196
   00ED C0                  304 	.db #0xc0	; 192
   00EE C0                  305 	.db #0xc0	; 192
   00EF C0                  306 	.db #0xc0	; 192
   00F0 C0                  307 	.db #0xc0	; 192
   00F1 C0                  308 	.db #0xc0	; 192
   00F2 C0                  309 	.db #0xc0	; 192
   00F3 C4                  310 	.db #0xc4	; 196
   00F4 CC                  311 	.db #0xcc	; 204
   00F5 CC                  312 	.db #0xcc	; 204
   00F6 CC                  313 	.db #0xcc	; 204
   00F7 CC                  314 	.db #0xcc	; 204
   00F8 C0                  315 	.db #0xc0	; 192
   00F9 C0                  316 	.db #0xc0	; 192
   00FA C0                  317 	.db #0xc0	; 192
   00FB C4                  318 	.db #0xc4	; 196
   00FC C4                  319 	.db #0xc4	; 196
   00FD C0                  320 	.db #0xc0	; 192
   00FE C0                  321 	.db #0xc0	; 192
   00FF C0                  322 	.db #0xc0	; 192
   0100                     323 _g_tileset_08:
   0100 63                  324 	.db #0x63	; 99	'c'
   0101 73                  325 	.db #0x73	; 115	's'
   0102 B3                  326 	.db #0xb3	; 179
   0103 D3                  327 	.db #0xd3	; 211
   0104 D3                  328 	.db #0xd3	; 211
   0105 B3                  329 	.db #0xb3	; 179
   0106 D3                  330 	.db #0xd3	; 211
   0107 F3                  331 	.db #0xf3	; 243
   0108 C3                  332 	.db #0xc3	; 195
   0109 C3                  333 	.db #0xc3	; 195
   010A F3                  334 	.db #0xf3	; 243
   010B 63                  335 	.db #0x63	; 99	'c'
   010C 93                  336 	.db #0x93	; 147
   010D F3                  337 	.db #0xf3	; 243
   010E C3                  338 	.db #0xc3	; 195
   010F 93                  339 	.db #0x93	; 147
   0110 73                  340 	.db #0x73	; 115	's'
   0111 63                  341 	.db #0x63	; 99	'c'
   0112 F3                  342 	.db #0xf3	; 243
   0113 63                  343 	.db #0x63	; 99	'c'
   0114 63                  344 	.db #0x63	; 99	'c'
   0115 F3                  345 	.db #0xf3	; 243
   0116 E3                  346 	.db #0xe3	; 227
   0117 33                  347 	.db #0x33	; 51	'3'
   0118 E3                  348 	.db #0xe3	; 227
   0119 C3                  349 	.db #0xc3	; 195
   011A 63                  350 	.db #0x63	; 99	'c'
   011B E3                  351 	.db #0xe3	; 227
   011C E3                  352 	.db #0xe3	; 227
   011D E3                  353 	.db #0xe3	; 227
   011E C3                  354 	.db #0xc3	; 195
   011F E3                  355 	.db #0xe3	; 227
   0120                     356 _g_tileset_09:
   0120 00                  357 	.db #0x00	; 0
   0121 3F                  358 	.db #0x3f	; 63
   0122 3F                  359 	.db #0x3f	; 63
   0123 3F                  360 	.db #0x3f	; 63
   0124 3F                  361 	.db #0x3f	; 63
   0125 3F                  362 	.db #0x3f	; 63
   0126 3F                  363 	.db #0x3f	; 63
   0127 3F                  364 	.db #0x3f	; 63
   0128 3F                  365 	.db #0x3f	; 63
   0129 3F                  366 	.db #0x3f	; 63
   012A 3F                  367 	.db #0x3f	; 63
   012B 3F                  368 	.db #0x3f	; 63
   012C 3F                  369 	.db #0x3f	; 63
   012D 3F                  370 	.db #0x3f	; 63
   012E 3F                  371 	.db #0x3f	; 63
   012F 3F                  372 	.db #0x3f	; 63
   0130 3F                  373 	.db #0x3f	; 63
   0131 3F                  374 	.db #0x3f	; 63
   0132 3F                  375 	.db #0x3f	; 63
   0133 3F                  376 	.db #0x3f	; 63
   0134 3F                  377 	.db #0x3f	; 63
   0135 3F                  378 	.db #0x3f	; 63
   0136 3F                  379 	.db #0x3f	; 63
   0137 3F                  380 	.db #0x3f	; 63
   0138 3F                  381 	.db #0x3f	; 63
   0139 3F                  382 	.db #0x3f	; 63
   013A 3F                  383 	.db #0x3f	; 63
   013B 3F                  384 	.db #0x3f	; 63
   013C 3F                  385 	.db #0x3f	; 63
   013D 3F                  386 	.db #0x3f	; 63
   013E 3F                  387 	.db #0x3f	; 63
   013F 3F                  388 	.db #0x3f	; 63
   0140                     389 _g_tileset_10:
   0140 F0                  390 	.db #0xf0	; 240
   0141 F0                  391 	.db #0xf0	; 240
   0142 A0                  392 	.db #0xa0	; 160
   0143 50                  393 	.db #0x50	; 80	'P'
   0144 00                  394 	.db #0x00	; 0
   0145 00                  395 	.db #0x00	; 0
   0146 A0                  396 	.db #0xa0	; 160
   0147 F0                  397 	.db #0xf0	; 240
   0148 F0                  398 	.db #0xf0	; 240
   0149 F0                  399 	.db #0xf0	; 240
   014A F0                  400 	.db #0xf0	; 240
   014B F0                  401 	.db #0xf0	; 240
   014C F0                  402 	.db #0xf0	; 240
   014D F0                  403 	.db #0xf0	; 240
   014E F0                  404 	.db #0xf0	; 240
   014F F0                  405 	.db #0xf0	; 240
   0150 F0                  406 	.db #0xf0	; 240
   0151 F0                  407 	.db #0xf0	; 240
   0152 F0                  408 	.db #0xf0	; 240
   0153 F0                  409 	.db #0xf0	; 240
   0154 F0                  410 	.db #0xf0	; 240
   0155 F0                  411 	.db #0xf0	; 240
   0156 F0                  412 	.db #0xf0	; 240
   0157 F0                  413 	.db #0xf0	; 240
   0158 F0                  414 	.db #0xf0	; 240
   0159 F0                  415 	.db #0xf0	; 240
   015A F0                  416 	.db #0xf0	; 240
   015B F0                  417 	.db #0xf0	; 240
   015C F0                  418 	.db #0xf0	; 240
   015D F0                  419 	.db #0xf0	; 240
   015E F0                  420 	.db #0xf0	; 240
   015F F0                  421 	.db #0xf0	; 240
   0160                     422 _g_tileset_11:
   0160 B0                  423 	.db #0xb0	; 176
   0161 70                  424 	.db #0x70	; 112	'p'
   0162 B0                  425 	.db #0xb0	; 176
   0163 30                  426 	.db #0x30	; 48	'0'
   0164 30                  427 	.db #0x30	; 48	'0'
   0165 B0                  428 	.db #0xb0	; 176
   0166 F0                  429 	.db #0xf0	; 240
   0167 F0                  430 	.db #0xf0	; 240
   0168 F0                  431 	.db #0xf0	; 240
   0169 B0                  432 	.db #0xb0	; 176
   016A F0                  433 	.db #0xf0	; 240
   016B 30                  434 	.db #0x30	; 48	'0'
   016C 60                  435 	.db #0x60	; 96
   016D B0                  436 	.db #0xb0	; 176
   016E F0                  437 	.db #0xf0	; 240
   016F F0                  438 	.db #0xf0	; 240
   0170 90                  439 	.db #0x90	; 144
   0171 F0                  440 	.db #0xf0	; 240
   0172 70                  441 	.db #0x70	; 112	'p'
   0173 F0                  442 	.db #0xf0	; 240
   0174 F0                  443 	.db #0xf0	; 240
   0175 60                  444 	.db #0x60	; 96
   0176 F0                  445 	.db #0xf0	; 240
   0177 30                  446 	.db #0x30	; 48	'0'
   0178 70                  447 	.db #0x70	; 112	'p'
   0179 B0                  448 	.db #0xb0	; 176
   017A 70                  449 	.db #0x70	; 112	'p'
   017B B0                  450 	.db #0xb0	; 176
   017C 30                  451 	.db #0x30	; 48	'0'
   017D F0                  452 	.db #0xf0	; 240
   017E B0                  453 	.db #0xb0	; 176
   017F F0                  454 	.db #0xf0	; 240
   0180                     455 _g_tileset_12:
   0180 C3                  456 	.db #0xc3	; 195
   0181 C3                  457 	.db #0xc3	; 195
   0182 C3                  458 	.db #0xc3	; 195
   0183 C3                  459 	.db #0xc3	; 195
   0184 C3                  460 	.db #0xc3	; 195
   0185 C3                  461 	.db #0xc3	; 195
   0186 C3                  462 	.db #0xc3	; 195
   0187 C3                  463 	.db #0xc3	; 195
   0188 C3                  464 	.db #0xc3	; 195
   0189 C3                  465 	.db #0xc3	; 195
   018A C3                  466 	.db #0xc3	; 195
   018B C3                  467 	.db #0xc3	; 195
   018C C3                  468 	.db #0xc3	; 195
   018D C3                  469 	.db #0xc3	; 195
   018E C3                  470 	.db #0xc3	; 195
   018F C3                  471 	.db #0xc3	; 195
   0190 41                  472 	.db #0x41	; 65	'A'
   0191 C3                  473 	.db #0xc3	; 195
   0192 C3                  474 	.db #0xc3	; 195
   0193 82                  475 	.db #0x82	; 130
   0194 C3                  476 	.db #0xc3	; 195
   0195 C3                  477 	.db #0xc3	; 195
   0196 C3                  478 	.db #0xc3	; 195
   0197 00                  479 	.db #0x00	; 0
   0198 C3                  480 	.db #0xc3	; 195
   0199 C3                  481 	.db #0xc3	; 195
   019A C3                  482 	.db #0xc3	; 195
   019B 82                  483 	.db #0x82	; 130
   019C C3                  484 	.db #0xc3	; 195
   019D C3                  485 	.db #0xc3	; 195
   019E C3                  486 	.db #0xc3	; 195
   019F C3                  487 	.db #0xc3	; 195
   01A0                     488 _g_tileset_13:
   01A0 C0                  489 	.db #0xc0	; 192
   01A1 C0                  490 	.db #0xc0	; 192
   01A2 C0                  491 	.db #0xc0	; 192
   01A3 C0                  492 	.db #0xc0	; 192
   01A4 C0                  493 	.db #0xc0	; 192
   01A5 C0                  494 	.db #0xc0	; 192
   01A6 C0                  495 	.db #0xc0	; 192
   01A7 C0                  496 	.db #0xc0	; 192
   01A8 C0                  497 	.db #0xc0	; 192
   01A9 C0                  498 	.db #0xc0	; 192
   01AA C0                  499 	.db #0xc0	; 192
   01AB C0                  500 	.db #0xc0	; 192
   01AC C0                  501 	.db #0xc0	; 192
   01AD C0                  502 	.db #0xc0	; 192
   01AE C0                  503 	.db #0xc0	; 192
   01AF C0                  504 	.db #0xc0	; 192
   01B0 C0                  505 	.db #0xc0	; 192
   01B1 C0                  506 	.db #0xc0	; 192
   01B2 C0                  507 	.db #0xc0	; 192
   01B3 C0                  508 	.db #0xc0	; 192
   01B4 C0                  509 	.db #0xc0	; 192
   01B5 C0                  510 	.db #0xc0	; 192
   01B6 C0                  511 	.db #0xc0	; 192
   01B7 C0                  512 	.db #0xc0	; 192
   01B8 C0                  513 	.db #0xc0	; 192
   01B9 C0                  514 	.db #0xc0	; 192
   01BA C0                  515 	.db #0xc0	; 192
   01BB C0                  516 	.db #0xc0	; 192
   01BC C0                  517 	.db #0xc0	; 192
   01BD C0                  518 	.db #0xc0	; 192
   01BE C0                  519 	.db #0xc0	; 192
   01BF C0                  520 	.db #0xc0	; 192
   01C0                     521 _g_tileset_14:
   01C0 C0                  522 	.db #0xc0	; 192
   01C1 C0                  523 	.db #0xc0	; 192
   01C2 C0                  524 	.db #0xc0	; 192
   01C3 C0                  525 	.db #0xc0	; 192
   01C4 C0                  526 	.db #0xc0	; 192
   01C5 C0                  527 	.db #0xc0	; 192
   01C6 C0                  528 	.db #0xc0	; 192
   01C7 C0                  529 	.db #0xc0	; 192
   01C8 C0                  530 	.db #0xc0	; 192
   01C9 C0                  531 	.db #0xc0	; 192
   01CA C0                  532 	.db #0xc0	; 192
   01CB C0                  533 	.db #0xc0	; 192
   01CC C0                  534 	.db #0xc0	; 192
   01CD C0                  535 	.db #0xc0	; 192
   01CE C0                  536 	.db #0xc0	; 192
   01CF C0                  537 	.db #0xc0	; 192
   01D0 C0                  538 	.db #0xc0	; 192
   01D1 C0                  539 	.db #0xc0	; 192
   01D2 C0                  540 	.db #0xc0	; 192
   01D3 C0                  541 	.db #0xc0	; 192
   01D4 C0                  542 	.db #0xc0	; 192
   01D5 C0                  543 	.db #0xc0	; 192
   01D6 C0                  544 	.db #0xc0	; 192
   01D7 C0                  545 	.db #0xc0	; 192
   01D8 C0                  546 	.db #0xc0	; 192
   01D9 C0                  547 	.db #0xc0	; 192
   01DA C0                  548 	.db #0xc0	; 192
   01DB C0                  549 	.db #0xc0	; 192
   01DC C0                  550 	.db #0xc0	; 192
   01DD C0                  551 	.db #0xc0	; 192
   01DE C0                  552 	.db #0xc0	; 192
   01DF C0                  553 	.db #0xc0	; 192
   01E0                     554 _g_tileset_15:
   01E0 C0                  555 	.db #0xc0	; 192
   01E1 C0                  556 	.db #0xc0	; 192
   01E2 C0                  557 	.db #0xc0	; 192
   01E3 C0                  558 	.db #0xc0	; 192
   01E4 C0                  559 	.db #0xc0	; 192
   01E5 C0                  560 	.db #0xc0	; 192
   01E6 C0                  561 	.db #0xc0	; 192
   01E7 C0                  562 	.db #0xc0	; 192
   01E8 C0                  563 	.db #0xc0	; 192
   01E9 C0                  564 	.db #0xc0	; 192
   01EA C0                  565 	.db #0xc0	; 192
   01EB C0                  566 	.db #0xc0	; 192
   01EC C0                  567 	.db #0xc0	; 192
   01ED C0                  568 	.db #0xc0	; 192
   01EE C0                  569 	.db #0xc0	; 192
   01EF C0                  570 	.db #0xc0	; 192
   01F0 C0                  571 	.db #0xc0	; 192
   01F1 C0                  572 	.db #0xc0	; 192
   01F2 C0                  573 	.db #0xc0	; 192
   01F3 C0                  574 	.db #0xc0	; 192
   01F4 C0                  575 	.db #0xc0	; 192
   01F5 C0                  576 	.db #0xc0	; 192
   01F6 C0                  577 	.db #0xc0	; 192
   01F7 C0                  578 	.db #0xc0	; 192
   01F8 C0                  579 	.db #0xc0	; 192
   01F9 C0                  580 	.db #0xc0	; 192
   01FA C0                  581 	.db #0xc0	; 192
   01FB C0                  582 	.db #0xc0	; 192
   01FC C0                  583 	.db #0xc0	; 192
   01FD C0                  584 	.db #0xc0	; 192
   01FE C0                  585 	.db #0xc0	; 192
   01FF C0                  586 	.db #0xc0	; 192
                            587 	.area _INITIALIZER
                            588 	.area _CABS (ABS)
