/Library/Developer/CommandLineTools/usr/bin/make cleanall
[1;31;49m[banterhouse][1;33;49m Deleting folder: obj/[0;39;49m
rm -f -r ./obj
[1;31;49m[banterhouse][1;33;49m Deleting objects to clean: src/banterhouse.s [0;39;49m
rm -f -r ./src/banterhouse.s
[1;31;49m[banterhouse][1;33;49m Deleting banterhouse.cdt banterhouse.dsk obj/banterhouse.dsk.dskinc[0;39;49m
rm -f banterhouse.cdt banterhouse.dsk obj/banterhouse.dsk.dskinc
/Library/Developer/CommandLineTools/usr/bin/make Z80CCFLAGS='--sdcccall 0 -DBH_AUTOTEST -DBH_AUTOTEST_DIFFICULTY=0' all
[1;31;49m[banterhouse][1;33;49m Converting music in music/banterhouse.aks into data...[0;39;49m
/Users/fer/dev/banterhouse/.tools/cpctelera/cpctelera/tools/scripts/cpct_aks2c -gs   -m "0x0800" -od "src/" -id "bh_song" "music/banterhouse.aks"
Detected Music Filetype: aks

Converting 'music/banterhouse.aks' to binary...[1;32;49mSUCCESS![0;39;49m
Generating 'src//banterhouse.s' with data array...[1;32;49mSUCCESS![0;39;49m
preobjs: 'obj/dsk_files/.folder obj/.folder obj/maps/.folder obj/music/.folder'
[1;31;49m[banterhouse][1;33;49m [0;39;49m
[1;31;49m[banterhouse][1;33;49m === PREBUILD PROCCESSING DONE![0;39;49m
[1;31;49m[banterhouse][1;33;49m ============================================================[0;39;49m
[1;31;49m[banterhouse][1;33;49m [0;39;49m
/opt/homebrew/bin/sdasz80 -l -o -s -I/Users/fer/dev/banterhouse/.tools/cpctelera/cpctelera/src -Isrc  obj/banterhouse.rel  src/banterhouse.s 
src/banterhouse.s:14: Error: <q> missing or improper operators, terminators, or delimiters
src/banterhouse.s:15: Error: <q> missing or improper operators, terminators, or delimiters
src/banterhouse.s:16: Error: <q> missing or improper operators, terminators, or delimiters
src/banterhouse.s:17: Error: <q> missing or improper operators, terminators, or delimiters
src/banterhouse.s:18: Error: <q> missing or improper operators, terminators, or delimiters
src/banterhouse.s:20: Error: <q> missing or improper operators, terminators, or delimiters
src/banterhouse.s:21: Error: <q> missing or improper operators, terminators, or delimiters
src/banterhouse.s:22: Error: <q> missing or improper operators, terminators, or delimiters
src/banterhouse.s:23: Error: <q> missing or improper operators, terminators, or delimiters
src/banterhouse.s:24: Error: <q> missing or improper operators, terminators, or delimiters
src/banterhouse.s:25: Error: <q> missing or improper operators, terminators, or delimiters
src/banterhouse.s:26: Error: <q> missing or improper operators, terminators, or delimiters
src/banterhouse.s:27: Error: <q> missing or improper operators, terminators, or delimiters
src/banterhouse.s:28: Error: <q> missing or improper operators, terminators, or delimiters
src/banterhouse.s:29: Error: <q> missing or improper operators, terminators, or delimiters
src/banterhouse.s:30: Error: <q> missing or improper operators, terminators, or delimiters
src/banterhouse.s:31: Error: <q> missing or improper operators, terminators, or delimiters
src/banterhouse.s:32: Error: <q> missing or improper operators, terminators, or delimiters
src/banterhouse.s:34: Error: <q> missing or improper operators, terminators, or delimiters
src/banterhouse.s:35: Error: <q> missing or improper operators, terminators, or delimiters
src/banterhouse.s:36: Error: <q> missing or improper operators, terminators, or delimiters
src/banterhouse.s:37: Error: <q> missing or improper operators, terminators, or delimiters
src/banterhouse.s:38: Error: <q> missing or improper operators, terminators, or delimiters
src/banterhouse.s:39: Error: <q> missing or improper operators, terminators, or delimiters
src/banterhouse.s:41: Error: <q> missing or improper operators, terminators, or delimiters
src/banterhouse.s:42: Error: <q> missing or improper operators, terminators, or delimiters
src/banterhouse.s:43: Error: <q> missing or improper operators, terminators, or delimiters
src/banterhouse.s:44: Error: <q> missing or improper operators, terminators, or delimiters
src/banterhouse.s:45: Error: <q> missing or improper operators, terminators, or delimiters
src/banterhouse.s:46: Error: <q> missing or improper operators, terminators, or delimiters
src/banterhouse.s:47: Error: <q> missing or improper operators, terminators, or delimiters
src/banterhouse.s:48: Error: <q> missing or improper operators, terminators, or delimiters
src/banterhouse.s:49: Error: <q> missing or improper operators, terminators, or delimiters
src/banterhouse.s:50: Error: <q> missing or improper operators, terminators, or delimiters
src/banterhouse.s:51: Error: <q> missing or improper operators, terminators, or delimiters
src/banterhouse.s:52: Error: <q> missing or improper operators, terminators, or delimiters
src/banterhouse.s:53: Error: <q> missing or improper operators, terminators, or delimiters
src/banterhouse.s:54: Error: <q> missing or improper operators, terminators, or delimiters
src/banterhouse.s:55: Error: <q> missing or improper operators, terminators, or delimiters
src/banterhouse.s:56: Error: <q> missing or improper operators, terminators, or delimiters
src/banterhouse.s:57: Error: <q> missing or improper operators, terminators, or delimiters
src/banterhouse.s:58: Error: <q> missing or improper operators, terminators, or delimiters
src/banterhouse.s:59: Error: <q> missing or improper operators, terminators, or delimiters
src/banterhouse.s:60: Error: <q> missing or improper operators, terminators, or delimiters
src/banterhouse.s:61: Error: <q> missing or improper operators, terminators, or delimiters
src/banterhouse.s:62: Error: <q> missing or improper operators, terminators, or delimiters
src/banterhouse.s:63: Error: <q> missing or improper operators, terminators, or delimiters
src/banterhouse.s:64: Error: <q> missing or improper operators, terminators, or delimiters
src/banterhouse.s:65: Error: <q> missing or improper operators, terminators, or delimiters
src/banterhouse.s:66: Error: <q> missing or improper operators, terminators, or delimiters
src/banterhouse.s:67: Error: <q> missing or improper operators, terminators, or delimiters
src/banterhouse.s:68: Error: <q> missing or improper operators, terminators, or delimiters
src/banterhouse.s:69: Error: <q> missing or improper operators, terminators, or delimiters
src/banterhouse.s:70: Error: <q> missing or improper operators, terminators, or delimiters
src/banterhouse.s:71: Error: <q> missing or improper operators, terminators, or delimiters
src/banterhouse.s:72: Error: <q> missing or improper operators, terminators, or delimiters
src/banterhouse.s:73: Error: <q> missing or improper operators, terminators, or delimiters
src/banterhouse.s:74: Error: <q> missing or improper operators, terminators, or delimiters
src/banterhouse.s:75: Error: <q> missing or improper operators, terminators, or delimiters
src/banterhouse.s:76: Error: <q> missing or improper operators, terminators, or delimiters
src/banterhouse.s:77: Error: <q> missing or improper operators, terminators, or delimiters
src/banterhouse.s:78: Error: <q> missing or improper operators, terminators, or delimiters
src/banterhouse.s:79: Error: <q> missing or improper operators, terminators, or delimiters
src/banterhouse.s:80: Error: <q> missing or improper operators, terminators, or delimiters
src/banterhouse.s:82: Error: <q> missing or improper operators, terminators, or delimiters
src/banterhouse.s:83: Error: <q> missing or improper operators, terminators, or delimiters
src/banterhouse.s:84: Error: <q> missing or improper operators, terminators, or delimiters
src/banterhouse.s:86: Error: <q> missing or improper operators, terminators, or delimiters
src/banterhouse.s:88: Error: <q> missing or improper operators, terminators, or delimiters
src/banterhouse.s:89: Error: <q> missing or improper operators, terminators, or delimiters
src/banterhouse.s:90: Error: <q> missing or improper operators, terminators, or delimiters
src/banterhouse.s:91: Error: <q> missing or improper operators, terminators, or delimiters
src/banterhouse.s:92: Error: <q> missing or improper operators, terminators, or delimiters
src/banterhouse.s:94: Error: <q> missing or improper operators, terminators, or delimiters
src/banterhouse.s:95: Error: <q> missing or improper operators, terminators, or delimiters
src/banterhouse.s:96: Error: <q> missing or improper operators, terminators, or delimiters
src/banterhouse.s:97: Error: <q> missing or improper operators, terminators, or delimiters
src/banterhouse.s:98: Error: <q> missing or improper operators, terminators, or delimiters
src/banterhouse.s:99: Error: <q> missing or improper operators, terminators, or delimiters
src/banterhouse.s:100: Error: <q> missing or improper operators, terminators, or delimiters
src/banterhouse.s:101: Error: <q> missing or improper operators, terminators, or delimiters
src/banterhouse.s:102: Error: <q> missing or improper operators, terminators, or delimiters
src/banterhouse.s:104: Error: <q> missing or improper operators, terminators, or delimiters
src/banterhouse.s:105: Error: <q> missing or improper operators, terminators, or delimiters
src/banterhouse.s:106: Error: <q> missing or improper operators, terminators, or delimiters
src/banterhouse.s:108: Error: <q> missing or improper operators, terminators, or delimiters
src/banterhouse.s:109: Error: <q> missing or improper operators, terminators, or delimiters
src/banterhouse.s:110: Error: <q> missing or improper operators, terminators, or delimiters
src/banterhouse.s:111: Error: <q> missing or improper operators, terminators, or delimiters
src/banterhouse.s:112: Error: <q> missing or improper operators, terminators, or delimiters
src/banterhouse.s:113: Error: <q> missing or improper operators, terminators, or delimiters
src/banterhouse.s:114: Error: <q> missing or improper operators, terminators, or delimiters
src/banterhouse.s:115: Error: <q> missing or improper operators, terminators, or delimiters
src/banterhouse.s:116: Error: <q> missing or improper operators, terminators, or delimiters
src/banterhouse.s:117: Error: <q> missing or improper operators, terminators, or delimiters
src/banterhouse.s:118: Error: <q> missing or improper operators, terminators, or delimiters
src/banterhouse.s:119: Error: <q> missing or improper operators, terminators, or delimiters
src/banterhouse.s:120: Error: <q> missing or improper operators, terminators, or delimiters
src/banterhouse.s:121: Error: <q> missing or improper operators, terminators, or delimiters
src/banterhouse.s:122: Error: <q> missing or improper operators, terminators, or delimiters
src/banterhouse.s:123: Error: <q> missing or improper operators, terminators, or delimiters
src/banterhouse.s:124: Error: <q> missing or improper operators, terminators, or delimiters
src/banterhouse.s:125: Error: <q> missing or improper operators, terminators, or delimiters
src/banterhouse.s:126: Error: <q> missing or improper operators, terminators, or delimiters
src/banterhouse.s:127: Error: <q> missing or improper operators, terminators, or delimiters
src/banterhouse.s:128: Error: <q> missing or improper operators, terminators, or delimiters
src/banterhouse.s:129: Error: <q> missing or improper operators, terminators, or delimiters
src/banterhouse.s:131: Error: <q> missing or improper operators, terminators, or delimiters
src/banterhouse.s:133: Error: <q> missing or improper operators, terminators, or delimiters
src/banterhouse.s:135: Error: <q> missing or improper operators, terminators, or delimiters
src/banterhouse.s:137: Error: <q> missing or improper operators, terminators, or delimiters
src/banterhouse.s:139: Error: <q> missing or improper operators, terminators, or delimiters
src/banterhouse.s:140: Error: <q> missing or improper operators, terminators, or delimiters
src/banterhouse.s:141: Error: <q> missing or improper operators, terminators, or delimiters
src/banterhouse.s:143: Error: <q> missing or improper operators, terminators, or delimiters
src/banterhouse.s:144: Error: <q> missing or improper operators, terminators, or delimiters
src/banterhouse.s:145: Error: <q> missing or improper operators, terminators, or delimiters
src/banterhouse.s:146: Error: <q> missing or improper operators, terminators, or delimiters
src/banterhouse.s:147: Error: <q> missing or improper operators, terminators, or delimiters
src/banterhouse.s:148: Error: <q> missing or improper operators, terminators, or delimiters
src/banterhouse.s:149: Error: <q> missing or improper operators, terminators, or delimiters
src/banterhouse.s:150: Error: <q> missing or improper operators, terminators, or delimiters
src/banterhouse.s:151: Error: <q> missing or improper operators, terminators, or delimiters
src/banterhouse.s:152: Error: <q> missing or improper operators, terminators, or delimiters
src/banterhouse.s:153: Error: <q> missing or improper operators, terminators, or delimiters
src/banterhouse.s:154: Error: <q> missing or improper operators, terminators, or delimiters
src/banterhouse.s:155: Error: <q> missing or improper operators, terminators, or delimiters
src/banterhouse.s:156: Error: <q> missing or improper operators, terminators, or delimiters
src/banterhouse.s:157: Error: <q> missing or improper operators, terminators, or delimiters
src/banterhouse.s:158: Error: <q> missing or improper operators, terminators, or delimiters
src/banterhouse.s:159: Error: <q> missing or improper operators, terminators, or delimiters
src/banterhouse.s:160: Error: <q> missing or improper operators, terminators, or delimiters
src/banterhouse.s:161: Error: <q> missing or improper operators, terminators, or delimiters
src/banterhouse.s:162: Error: <q> missing or improper operators, terminators, or delimiters
src/banterhouse.s:163: Error: <q> missing or improper operators, terminators, or delimiters
src/banterhouse.s:164: Error: <q> missing or improper operators, terminators, or delimiters
src/banterhouse.s:165: Error: <q> missing or improper operators, terminators, or delimiters
src/banterhouse.s:166: Error: <q> missing or improper operators, terminators, or delimiters
src/banterhouse.s:167: Error: <q> missing or improper operators, terminators, or delimiters
src/banterhouse.s:169: Error: <q> missing or improper operators, terminators, or delimiters
src/banterhouse.s:170: Error: <q> missing or improper operators, terminators, or delimiters
src/banterhouse.s:171: Error: <q> missing or improper operators, terminators, or delimiters
src/banterhouse.s:172: Error: <q> missing or improper operators, terminators, or delimiters
src/banterhouse.s:173: Error: <q> missing or improper operators, terminators, or delimiters
src/banterhouse.s:175: Error: <q> missing or improper operators, terminators, or delimiters
src/banterhouse.s:176: Error: <q> missing or improper operators, terminators, or delimiters
src/banterhouse.s:177: Error: <q> missing or improper operators, terminators, or delimiters
src/banterhouse.s:178: Error: <q> missing or improper operators, terminators, or delimiters
src/banterhouse.s:179: Error: <q> missing or improper operators, terminators, or delimiters
src/banterhouse.s:180: Error: <q> missing or improper operators, terminators, or delimiters
src/banterhouse.s:181: Error: <q> missing or improper operators, terminators, or delimiters
src/banterhouse.s:182: Error: <q> missing or improper operators, terminators, or delimiters
src/banterhouse.s:183: Error: <q> missing or improper operators, terminators, or delimiters
src/banterhouse.s:184: Error: <q> missing or improper operators, terminators, or delimiters
src/banterhouse.s:185: Error: <q> missing or improper operators, terminators, or delimiters
src/banterhouse.s:186: Error: <q> missing or improper operators, terminators, or delimiters
src/banterhouse.s:187: Error: <q> missing or improper operators, terminators, or delimiters
src/banterhouse.s:188: Error: <q> missing or improper operators, terminators, or delimiters
src/banterhouse.s:189: Error: <q> missing or improper operators, terminators, or delimiters
src/banterhouse.s:190: Error: <q> missing or improper operators, terminators, or delimiters
src/banterhouse.s:191: Error: <q> missing or improper operators, terminators, or delimiters
src/banterhouse.s:192: Error: <q> missing or improper operators, terminators, or delimiters
src/banterhouse.s:193: Error: <q> missing or improper operators, terminators, or delimiters
src/banterhouse.s:194: Error: <q> missing or improper operators, terminators, or delimiters
src/banterhouse.s:195: Error: <q> missing or improper operators, terminators, or delimiters
src/banterhouse.s:196: Error: <q> missing or improper operators, terminators, or delimiters
src/banterhouse.s:197: Error: <q> missing or improper operators, terminators, or delimiters
src/banterhouse.s:198: Error: <q> missing or improper operators, terminators, or delimiters
src/banterhouse.s:199: Error: <q> missing or improper operators, terminators, or delimiters
src/banterhouse.s:200: Error: <q> missing or improper operators, terminators, or delimiters
src/banterhouse.s:201: Error: <q> missing or improper operators, terminators, or delimiters
src/banterhouse.s:202: Error: <q> missing or improper operators, terminators, or delimiters
src/banterhouse.s:203: Error: <q> missing or improper operators, terminators, or delimiters
src/banterhouse.s:204: Error: <q> missing or improper operators, terminators, or delimiters
src/banterhouse.s:205: Error: <q> missing or improper operators, terminators, or delimiters
src/banterhouse.s:206: Error: <q> missing or improper operators, terminators, or delimiters
src/banterhouse.s:207: Error: <q> missing or improper operators, terminators, or delimiters
src/banterhouse.s:208: Error: <q> missing or improper operators, terminators, or delimiters
src/banterhouse.s:209: Error: <q> missing or improper operators, terminators, or delimiters
src/banterhouse.s:210: Error: <q> missing or improper operators, terminators, or delimiters
src/banterhouse.s:211: Error: <q> missing or improper operators, terminators, or delimiters
src/banterhouse.s:212: Error: <q> missing or improper operators, terminators, or delimiters
src/banterhouse.s:213: Error: <q> missing or improper operators, terminators, or delimiters
src/banterhouse.s:214: Error: <q> missing or improper operators, terminators, or delimiters
src/banterhouse.s:215: Error: <q> missing or improper operators, terminators, or delimiters
src/banterhouse.s:216: Error: <q> missing or improper operators, terminators, or delimiters
src/banterhouse.s:217: Error: <q> missing or improper operators, terminators, or delimiters
src/banterhouse.s:218: Error: <q> missing or improper operators, terminators, or delimiters
src/banterhouse.s:219: Error: <q> missing or improper operators, terminators, or delimiters
src/banterhouse.s:220: Error: <q> missing or improper operators, terminators, or delimiters
src/banterhouse.s:221: Error: <q> missing or improper operators, terminators, or delimiters
src/banterhouse.s:222: Error: <q> missing or improper operators, terminators, or delimiters
src/banterhouse.s:223: Error: <q> missing or improper operators, terminators, or delimiters
src/banterhouse.s:224: Error: <q> missing or improper operators, terminators, or delimiters
src/banterhouse.s:225: Error: <q> missing or improper operators, terminators, or delimiters
src/banterhouse.s:226: Error: <q> missing or improper operators, terminators, or delimiters
src/banterhouse.s:227: Error: <q> missing or improper operators, terminators, or delimiters
src/banterhouse.s:228: Error: <q> missing or improper operators, terminators, or delimiters
src/banterhouse.s:229: Error: <q> missing or improper operators, terminators, or delimiters
src/banterhouse.s:230: Error: <q> missing or improper operators, terminators, or delimiters
src/banterhouse.s:231: Error: <q> missing or improper operators, terminators, or delimiters
src/banterhouse.s:232: Error: <q> missing or improper operators, terminators, or delimiters
src/banterhouse.s:234: Error: <q> missing or improper operators, terminators, or delimiters
src/banterhouse.s:236: Error: <q> missing or improper operators, terminators, or delimiters
src/banterhouse.s:237: Error: <q> missing or improper operators, terminators, or delimiters
src/banterhouse.s:238: Error: <q> missing or improper operators, terminators, or delimiters
src/banterhouse.s:240: Error: <q> missing or improper operators, terminators, or delimiters
src/banterhouse.s:242: Error: <q> missing or improper operators, terminators, or delimiters
src/banterhouse.s:243: Error: <q> missing or improper operators, terminators, or delimiters
src/banterhouse.s:244: Error: <q> missing or improper operators, terminators, or delimiters
src/banterhouse.s:245: Error: <q> missing or improper operators, terminators, or delimiters
src/banterhouse.s:246: Error: <q> missing or improper operators, terminators, or delimiters
src/banterhouse.s:247: Error: <q> missing or improper operators, terminators, or delimiters
src/banterhouse.s:248: Error: <q> missing or improper operators, terminators, or delimiters
src/banterhouse.s:249: Error: <q> missing or improper operators, terminators, or delimiters
src/banterhouse.s:250: Error: <q> missing or improper operators, terminators, or delimiters
src/banterhouse.s:251: Error: <q> missing or improper operators, terminators, or delimiters
src/banterhouse.s:252: Error: <q> missing or improper operators, terminators, or delimiters
src/banterhouse.s:253: Error: <q> missing or improper operators, terminators, or delimiters
src/banterhouse.s:254: Error: <q> missing or improper operators, terminators, or delimiters
src/banterhouse.s:255: Error: <q> missing or improper operators, terminators, or delimiters
src/banterhouse.s:256: Error: <q> missing or improper operators, terminators, or delimiters
src/banterhouse.s:257: Error: <q> missing or improper operators, terminators, or delimiters
src/banterhouse.s:258: Error: <q> missing or improper operators, terminators, or delimiters
src/banterhouse.s:259: Error: <q> missing or improper operators, terminators, or delimiters
src/banterhouse.s:260: Error: <q> missing or improper operators, terminators, or delimiters
src/banterhouse.s:261: Error: <q> missing or improper operators, terminators, or delimiters
src/banterhouse.s:262: Error: <q> missing or improper operators, terminators, or delimiters
src/banterhouse.s:263: Error: <q> missing or improper operators, terminators, or delimiters
src/banterhouse.s:264: Error: <q> missing or improper operators, terminators, or delimiters
src/banterhouse.s:265: Error: <q> missing or improper operators, terminators, or delimiters
src/banterhouse.s:266: Error: <q> missing or improper operators, terminators, or delimiters
src/banterhouse.s:267: Error: <q> missing or improper operators, terminators, or delimiters
src/banterhouse.s:268: Error: <q> missing or improper operators, terminators, or delimiters
src/banterhouse.s:269: Error: <q> missing or improper operators, terminators, or delimiters
src/banterhouse.s:270: Error: <q> missing or improper operators, terminators, or delimiters
src/banterhouse.s:271: Error: <q> missing or improper operators, terminators, or delimiters
src/banterhouse.s:272: Error: <q> missing or improper operators, terminators, or delimiters
src/banterhouse.s:273: Error: <q> missing or improper operators, terminators, or delimiters
src/banterhouse.s:274: Error: <q> missing or improper operators, terminators, or delimiters
src/banterhouse.s:275: Error: <q> missing or improper operators, terminators, or delimiters
src/banterhouse.s:276: Error: <q> missing or improper operators, terminators, or delimiters
src/banterhouse.s:277: Error: <q> missing or improper operators, terminators, or delimiters
src/banterhouse.s:278: Error: <q> missing or improper operators, terminators, or delimiters
src/banterhouse.s:279: Error: <q> missing or improper operators, terminators, or delimiters
src/banterhouse.s:280: Error: <q> missing or improper operators, terminators, or delimiters
src/banterhouse.s:281: Error: <q> missing or improper operators, terminators, or delimiters
src/banterhouse.s:282: Error: <q> missing or improper operators, terminators, or delimiters
src/banterhouse.s:283: Error: <q> missing or improper operators, terminators, or delimiters
src/banterhouse.s:284: Error: <q> missing or improper operators, terminators, or delimiters
src/banterhouse.s:285: Error: <q> missing or improper operators, terminators, or delimiters
src/banterhouse.s:286: Error: <q> missing or improper operators, terminators, or delimiters
src/banterhouse.s:287: Error: <q> missing or improper operators, terminators, or delimiters
src/banterhouse.s:288: Error: <q> missing or improper operators, terminators, or delimiters
src/banterhouse.s:289: Error: <q> missing or improper operators, terminators, or delimiters
src/banterhouse.s:290: Error: <q> missing or improper operators, terminators, or delimiters
src/banterhouse.s:291: Error: <q> missing or improper operators, terminators, or delimiters
src/banterhouse.s:292: Error: <q> missing or improper operators, terminators, or delimiters
src/banterhouse.s:293: Error: <q> missing or improper operators, terminators, or delimiters
src/banterhouse.s:294: Error: <q> missing or improper operators, terminators, or delimiters
src/banterhouse.s:295: Error: <q> missing or improper operators, terminators, or delimiters
src/banterhouse.s:296: Error: <q> missing or improper operators, terminators, or delimiters
src/banterhouse.s:297: Error: <q> missing or improper operators, terminators, or delimiters
src/banterhouse.s:298: Error: <q> missing or improper operators, terminators, or delimiters
src/banterhouse.s:299: Error: <q> missing or improper operators, terminators, or delimiters
src/banterhouse.s:300: Error: <q> missing or improper operators, terminators, or delimiters
src/banterhouse.s:301: Error: <q> missing or improper operators, terminators, or delimiters
src/banterhouse.s:302: Error: <q> missing or improper operators, terminators, or delimiters
src/banterhouse.s:303: Error: <q> missing or improper operators, terminators, or delimiters
src/banterhouse.s:304: Error: <q> missing or improper operators, terminators, or delimiters
src/banterhouse.s:305: Error: <q> missing or improper operators, terminators, or delimiters
src/banterhouse.s:306: Error: <q> missing or improper operators, terminators, or delimiters
src/banterhouse.s:307: Error: <q> missing or improper operators, terminators, or delimiters
src/banterhouse.s:308: Error: <q> missing or improper operators, terminators, or delimiters
src/banterhouse.s:309: Error: <q> missing or improper operators, terminators, or delimiters
src/banterhouse.s:310: Error: <q> missing or improper operators, terminators, or delimiters
src/banterhouse.s:311: Error: <q> missing or improper operators, terminators, or delimiters
src/banterhouse.s:312: Error: <q> missing or improper operators, terminators, or delimiters
src/banterhouse.s:313: Error: <q> missing or improper operators, terminators, or delimiters
src/banterhouse.s:314: Error: <q> missing or improper operators, terminators, or delimiters
src/banterhouse.s:315: Error: <q> missing or improper operators, terminators, or delimiters
src/banterhouse.s:316: Error: <q> missing or improper operators, terminators, or delimiters
src/banterhouse.s:317: Error: <q> missing or improper operators, terminators, or delimiters
src/banterhouse.s:318: Error: <q> missing or improper operators, terminators, or delimiters
src/banterhouse.s:319: Error: <q> missing or improper operators, terminators, or delimiters
src/banterhouse.s:320: Error: <q> missing or improper operators, terminators, or delimiters
src/banterhouse.s:321: Error: <q> missing or improper operators, terminators, or delimiters
src/banterhouse.s:322: Error: <q> missing or improper operators, terminators, or delimiters
src/banterhouse.s:323: Error: <q> missing or improper operators, terminators, or delimiters
src/banterhouse.s:324: Error: <q> missing or improper operators, terminators, or delimiters
src/banterhouse.s:325: Error: <q> missing or improper operators, terminators, or delimiters
src/banterhouse.s:326: Error: <q> missing or improper operators, terminators, or delimiters
src/banterhouse.s:327: Error: <q> missing or improper operators, terminators, or delimiters
src/banterhouse.s:328: Error: <q> missing or improper operators, terminators, or delimiters
src/banterhouse.s:329: Error: <q> missing or improper operators, terminators, or delimiters
src/banterhouse.s:330: Error: <q> missing or improper operators, terminators, or delimiters
src/banterhouse.s:331: Error: <q> missing or improper operators, terminators, or delimiters
src/banterhouse.s:332: Error: <q> missing or improper operators, terminators, or delimiters
src/banterhouse.s:333: Error: <q> missing or improper operators, terminators, or delimiters
src/banterhouse.s:334: Error: <q> missing or improper operators, terminators, or delimiters
src/banterhouse.s:335: Error: <q> missing or improper operators, terminators, or delimiters
src/banterhouse.s:336: Error: <q> missing or improper operators, terminators, or delimiters
src/banterhouse.s:337: Error: <q> missing or improper operators, terminators, or delimiters
src/banterhouse.s:338: Error: <q> missing or improper operators, terminators, or delimiters
src/banterhouse.s:339: Error: <q> missing or improper operators, terminators, or delimiters
src/banterhouse.s:340: Error: <q> missing or improper operators, terminators, or delimiters
src/banterhouse.s:341: Error: <q> missing or improper operators, terminators, or delimiters
src/banterhouse.s:343: Error: <q> missing or improper operators, terminators, or delimiters
src/banterhouse.s:345: Error: <q> missing or improper operators, terminators, or delimiters
src/banterhouse.s:347: Error: <q> missing or improper operators, terminators, or delimiters
removing obj/banterhouse.rel
make[2]: *** [obj/banterhouse.rel] Error 2
make[1]: *** [test-dsk] Error 2
